Archive member included to satisfy reference by file (symbol)

d:/stm32cubeide_1.9.0/stm32cubeide/plugins/com.st.stm32cube.ide.mcu.externaltools.gnu-tools-for-stm32.10.3-2021.10.win32_1.0.0.202111181127/tools/bin/../lib/gcc/arm-none-eabi/10.3.1/../../../../arm-none-eabi/lib/thumb/v7e-m+fp/hard\libc_nano.a(lib_a-errno.o)
                              ./Core/Src/syscalls.o (__errno)
d:/stm32cubeide_1.9.0/stm32cubeide/plugins/com.st.stm32cube.ide.mcu.externaltools.gnu-tools-for-stm32.10.3-2021.10.win32_1.0.0.202111181127/tools/bin/../lib/gcc/arm-none-eabi/10.3.1/../../../../arm-none-eabi/lib/thumb/v7e-m+fp/hard\libc_nano.a(lib_a-exit.o)
                              d:/stm32cubeide_1.9.0/stm32cubeide/plugins/com.st.stm32cube.ide.mcu.externaltools.gnu-tools-for-stm32.10.3-2021.10.win32_1.0.0.202111181127/tools/bin/../lib/gcc/arm-none-eabi/10.3.1/../../../../arm-none-eabi/lib/thumb/v7e-m+fp/hard/crt0.o (exit)
d:/stm32cubeide_1.9.0/stm32cubeide/plugins/com.st.stm32cube.ide.mcu.externaltools.gnu-tools-for-stm32.10.3-2021.10.win32_1.0.0.202111181127/tools/bin/../lib/gcc/arm-none-eabi/10.3.1/../../../../arm-none-eabi/lib/thumb/v7e-m+fp/hard\libc_nano.a(lib_a-impure.o)
                              d:/stm32cubeide_1.9.0/stm32cubeide/plugins/com.st.stm32cube.ide.mcu.externaltools.gnu-tools-for-stm32.10.3-2021.10.win32_1.0.0.202111181127/tools/bin/../lib/gcc/arm-none-eabi/10.3.1/../../../../arm-none-eabi/lib/thumb/v7e-m+fp/hard\libc_nano.a(lib_a-exit.o) (_global_impure_ptr)
d:/stm32cubeide_1.9.0/stm32cubeide/plugins/com.st.stm32cube.ide.mcu.externaltools.gnu-tools-for-stm32.10.3-2021.10.win32_1.0.0.202111181127/tools/bin/../lib/gcc/arm-none-eabi/10.3.1/../../../../arm-none-eabi/lib/thumb/v7e-m+fp/hard\libc_nano.a(lib_a-init.o)
                              d:/stm32cubeide_1.9.0/stm32cubeide/plugins/com.st.stm32cube.ide.mcu.externaltools.gnu-tools-for-stm32.10.3-2021.10.win32_1.0.0.202111181127/tools/bin/../lib/gcc/arm-none-eabi/10.3.1/../../../../arm-none-eabi/lib/thumb/v7e-m+fp/hard/crt0.o (__libc_init_array)
d:/stm32cubeide_1.9.0/stm32cubeide/plugins/com.st.stm32cube.ide.mcu.externaltools.gnu-tools-for-stm32.10.3-2021.10.win32_1.0.0.202111181127/tools/bin/../lib/gcc/arm-none-eabi/10.3.1/../../../../arm-none-eabi/lib/thumb/v7e-m+fp/hard\libc_nano.a(lib_a-memcpy-stub.o)
                              ./Middlewares/Third_Party/FreeRTOS/Source/CMSIS_RTOS_V2/cmsis_os2.o (memcpy)
d:/stm32cubeide_1.9.0/stm32cubeide/plugins/com.st.stm32cube.ide.mcu.externaltools.gnu-tools-for-stm32.10.3-2021.10.win32_1.0.0.202111181127/tools/bin/../lib/gcc/arm-none-eabi/10.3.1/../../../../arm-none-eabi/lib/thumb/v7e-m+fp/hard\libc_nano.a(lib_a-memset.o)
                              d:/stm32cubeide_1.9.0/stm32cubeide/plugins/com.st.stm32cube.ide.mcu.externaltools.gnu-tools-for-stm32.10.3-2021.10.win32_1.0.0.202111181127/tools/bin/../lib/gcc/arm-none-eabi/10.3.1/../../../../arm-none-eabi/lib/thumb/v7e-m+fp/hard/crt0.o (memset)
d:/stm32cubeide_1.9.0/stm32cubeide/plugins/com.st.stm32cube.ide.mcu.externaltools.gnu-tools-for-stm32.10.3-2021.10.win32_1.0.0.202111181127/tools/bin/../lib/gcc/arm-none-eabi/10.3.1/../../../../arm-none-eabi/lib/thumb/v7e-m+fp/hard\libc_nano.a(lib_a-mktime.o)
                              ./BSP/GPS/GPS.o (mktime)
d:/stm32cubeide_1.9.0/stm32cubeide/plugins/com.st.stm32cube.ide.mcu.externaltools.gnu-tools-for-stm32.10.3-2021.10.win32_1.0.0.202111181127/tools/bin/../lib/gcc/arm-none-eabi/10.3.1/../../../../arm-none-eabi/lib/thumb/v7e-m+fp/hard\libc_nano.a(lib_a-nano-vfprintf_float.o)
                              (_printf_float)
d:/stm32cubeide_1.9.0/stm32cubeide/plugins/com.st.stm32cube.ide.mcu.externaltools.gnu-tools-for-stm32.10.3-2021.10.win32_1.0.0.202111181127/tools/bin/../lib/gcc/arm-none-eabi/10.3.1/../../../../arm-none-eabi/lib/thumb/v7e-m+fp/hard\libc_nano.a(lib_a-nano-vfprintf_i.o)
                              d:/stm32cubeide_1.9.0/stm32cubeide/plugins/com.st.stm32cube.ide.mcu.externaltools.gnu-tools-for-stm32.10.3-2021.10.win32_1.0.0.202111181127/tools/bin/../lib/gcc/arm-none-eabi/10.3.1/../../../../arm-none-eabi/lib/thumb/v7e-m+fp/hard\libc_nano.a(lib_a-nano-vfprintf_float.o) (_printf_common)
d:/stm32cubeide_1.9.0/stm32cubeide/plugins/com.st.stm32cube.ide.mcu.externaltools.gnu-tools-for-stm32.10.3-2021.10.win32_1.0.0.202111181127/tools/bin/../lib/gcc/arm-none-eabi/10.3.1/../../../../arm-none-eabi/lib/thumb/v7e-m+fp/hard\libc_nano.a(lib_a-nano-vfscanf_float.o)
                              (_scanf_float)
d:/stm32cubeide_1.9.0/stm32cubeide/plugins/com.st.stm32cube.ide.mcu.externaltools.gnu-tools-for-stm32.10.3-2021.10.win32_1.0.0.202111181127/tools/bin/../lib/gcc/arm-none-eabi/10.3.1/../../../../arm-none-eabi/lib/thumb/v7e-m+fp/hard\libc_nano.a(lib_a-sf_nan.o)
[...]
Memory Configuration

Name             Origin             Length             Attributes
RAM              0x0000000020000000 0x0000000000018000 xrw
RAM2             0x0000000010000000 0x0000000000008000 xrw
FLASH            0x0000000008000000 0x0000000000100000 xr
*default*        0x0000000000000000 0xffffffffffffffff

Linker script and memory map

LOAD d:/stm32cubeide_1.9.0/stm32cubeide/plugins/com.st.stm32cube.ide.mcu.externaltools.gnu-tools-for-stm32.10.3-2021.10.win32_1.0.0.202111181127/tools/bin/../lib/gcc/arm-none-eabi/10.3.1/thumb/v7e-m+fp/hard/crti.o
LOAD d:/stm32cubeide_1.9.0/stm32cubeide/plugins/com.st.stm32cube.ide.mcu.externaltools.gnu-tools-for-stm32.10.3-2021.10.win32_1.0.0.202111181127/tools/bin/../lib/gcc/arm-none-eabi/10.3.1/thumb/v7e-m+fp/hard/crtbegin.o
LOAD d:/stm32cubeide_1.9.0/stm32cubeide/plugins/com.st.stm32cube.ide.mcu.externaltools.gnu-tools-for-stm32.10.3-2021.10.win32_1.0.0.202111181127/tools/bin/../lib/gcc/arm-none-eabi/10.3.1/../../../../arm-none-eabi/lib/thumb/v7e-m+fp/hard/crt0.o
LOAD ./BSP/BLE/BLE.o
LOAD ./BSP/Flash Memory/Memory.o
LOAD ./BSP/GPS/GPS.o
LOAD ./Core/Src/freertos.o
LOAD ./Core/Src/main.o
LOAD ./Core/Src/stm32l4xx_hal_msp.o
LOAD ./Core/Src/stm32l4xx_hal_timebase_tim.o
LOAD ./Core/Src/stm32l4xx_it.o
LOAD ./Core/Src/syscalls.o
LOAD ./Core/Src/sysmem.o
LOAD ./Core/Src/system_stm32l4xx.o
LOAD ./Core/Startup/startup_stm32l476vgtx.o
LOAD ./Drivers/STM32L4xx_HAL_Driver/Src/stm32l4xx_hal.o
LOAD ./Drivers/STM32L4xx_HAL_Driver/Src/stm32l4xx_hal_cortex.o
LOAD ./Drivers/STM32L4xx_HAL_Driver/Src/stm32l4xx_hal_dma.o
LOAD ./Drivers/STM32L4xx_HAL_Driver/Src/stm32l4xx_hal_dma_ex.o
LOAD ./Drivers/STM32L4xx_HAL_Driver/Src/stm32l4xx_hal_exti.o
LOAD ./Drivers/STM32L4xx_HAL_Driver/Src/stm32l4xx_hal_flash.o
LOAD ./Drivers/STM32L4xx_HAL_Driver/Src/stm32l4xx_hal_flash_ex.o
LOAD ./Drivers/STM32L4xx_HAL_Driver/Src/stm32l4xx_hal_flash_ramfunc.o
LOAD ./Drivers/STM32L4xx_HAL_Driver/Src/stm32l4xx_hal_gpio.o
LOAD ./Drivers/STM32L4xx_HAL_Driver/Src/stm32l4xx_hal_i2c.o
LOAD ./Drivers/STM32L4xx_HAL_Driver/Src/stm32l4xx_hal_i2c_ex.o
LOAD ./Drivers/STM32L4xx_HAL_Driver/Src/stm32l4xx_hal_pwr.o
LOAD ./Drivers/STM32L4xx_HAL_Driver/Src/stm32l4xx_hal_pwr_ex.o
LOAD ./Drivers/STM32L4xx_HAL_Driver/Src/stm32l4xx_hal_qspi.o
LOAD ./Drivers/STM32L4xx_HAL_Driver/Src/stm32l4xx_hal_rcc.o
LOAD ./Drivers/STM32L4xx_HAL_Driver/Src/stm32l4xx_hal_rcc_ex.o
LOAD ./Drivers/STM32L4xx_HAL_Driver/Src/stm32l4xx_hal_tim.o
LOAD ./Drivers/STM32L4xx_HAL_Driver/Src/stm32l4xx_hal_tim_ex.o
LOAD ./Drivers/STM32L4xx_HAL_Driver/Src/stm32l4xx_hal_uart.o
LOAD ./Drivers/STM32L4xx_HAL_Driver/Src/stm32l4xx_hal_uart_ex.o
LOAD ./Middlewares/Third_Party/FreeRTOS/Source/CMSIS_RTOS_V2/cmsis_os2.o
LOAD ./Middlewares/Third_Party/FreeRTOS/Source/croutine.o
LOAD ./Middlewares/Third_Party/FreeRTOS/Source/event_groups.o
LOAD ./Middlewares/Third_Party/FreeRTOS/Source/list.o
LOAD ./Middlewares/Third_Party/FreeRTOS/Source/queue.o
LOAD ./Middlewares/Third_Party/FreeRTOS/Source/stream_buffer.o
LOAD ./Middlewares/Third_Party/FreeRTOS/Source/tasks.o
LOAD ./Middlewares/Third_Party/FreeRTOS/Source/timers.o
LOAD ./Middlewares/Third_Party/FreeRTOS/Source/portable/GCC/ARM_CM4F/port.o
LOAD ./Middlewares/Third_Party/FreeRTOS/Source/portable/MemMang/heap_4.o
START GROUP
LOAD d:/stm32cubeide_1.9.0/stm32cubeide/plugins/com.st.stm32cube.ide.mcu.externaltools.gnu-tools-for-stm32.10.3-2021.10.win32_1.0.0.202111181127/tools/bin/../lib/gcc/arm-none-eabi/10.3.1/../../../../arm-none-eabi/lib/thumb/v7e-m+fp/hard\libc_nano.a
LOAD d:/stm32cubeide_1.9.0/stm32cubeide/plugins/com.st.stm32cube.ide.mcu.externaltools.gnu-tools-for-stm32.10.3-2021.10.win32_1.0.0.202111181127/tools/bin/../lib/gcc/arm-none-eabi/10.3.1/../../../../arm-none-eabi/lib/thumb/v7e-m+fp/hard\libm.a
END GROUP
START GROUP
LOAD d:/stm32cubeide_1.9.0/stm32cubeide/plugins/com.st.stm32cube.ide.mcu.externaltools.gnu-tools-for-stm32.10.3-2021.10.win32_1.0.0.202111181127/tools/bin/../lib/gcc/arm-none-eabi/10.3.1/thumb/v7e-m+fp/hard\libgcc.a
LOAD d:/stm32cubeide_1.9.0/stm32cubeide/plugins/com.st.stm32cube.ide.mcu.externaltools.gnu-tools-for-stm32.10.3-2021.10.win32_1.0.0.202111181127/tools/bin/../lib/gcc/arm-none-eabi/10.3.1/../../../../arm-none-eabi/lib/thumb/v7e-m+fp/hard\libc_nano.a
END GROUP
START GROUP
LOAD d:/stm32cubeide_1.9.0/stm32cubeide/plugins/com.st.stm32cube.ide.mcu.externaltools.gnu-tools-for-stm32.10.3-2021.10.win32_1.0.0.202111181127/tools/bin/../lib/gcc/arm-none-eabi/10.3.1/thumb/v7e-m+fp/hard\libgcc.a
LOAD d:/stm32cubeide_1.9.0/stm32cubeide/plugins/com.st.stm32cube.ide.mcu.externaltools.gnu-tools-for-stm32.10.3-2021.10.win32_1.0.0.202111181127/tools/bin/../lib/gcc/arm-none-eabi/10.3.1/../../../../arm-none-eabi/lib/thumb/v7e-m+fp/hard\libc_nano.a
LOAD d:/stm32cubeide_1.9.0/stm32cubeide/plugins/com.st.stm32cube.ide.mcu.externaltools.gnu-tools-for-stm32.10.3-2021.10.win32_1.0.0.202111181127/tools/bin/../lib/gcc/arm-none-eabi/10.3.1/../../../../arm-none-eabi/lib/thumb/v7e-m+fp/hard\libnosys.a
END GROUP
START GROUP
LOAD d:/stm32cubeide_1.9.0/stm32cubeide/plugins/com.st.stm32cube.ide.mcu.externaltools.gnu-tools-for-stm32.10.3-2021.10.win32_1.0.0.202111181127/tools/bin/../lib/gcc/arm-none-eabi/10.3.1/thumb/v7e-m+fp/hard\libgcc.a
LOAD d:/stm32cubeide_1.9.0/stm32cubeide/plugins/com.st.stm32cube.ide.mcu.externaltools.gnu-tools-for-stm32.10.3-2021.10.win32_1.0.0.202111181127/tools/bin/../lib/gcc/arm-none-eabi/10.3.1/../../../../arm-none-eabi/lib/thumb/v7e-m+fp/hard\libc_nano.a
LOAD d:/stm32cubeide_1.9.0/stm32cubeide/plugins/com.st.stm32cube.ide.mcu.externaltools.gnu-tools-for-stm32.10.3-2021.10.win32_1.0.0.202111181127/tools/bin/../lib/gcc/arm-none-eabi/10.3.1/../../../../arm-none-eabi/lib/thumb/v7e-m+fp/hard\libnosys.a
END GROUP
LOAD d:/stm32cubeide_1.9.0/stm32cubeide/plugins/com.st.stm32cube.ide.mcu.externaltools.gnu-tools-for-stm32.10.3-2021.10.win32_1.0.0.202111181127/tools/bin/../lib/gcc/arm-none-eabi/10.3.1/thumb/v7e-m+fp/hard/crtend.o
LOAD d:/stm32cubeide_1.9.0/stm32cubeide/plugins/com.st.stm32cube.ide.mcu.externaltools.gnu-tools-for-stm32.10.3-2021.10.win32_1.0.0.202111181127/tools/bin/../lib/gcc/arm-none-eabi/10.3.1/thumb/v7e-m+fp/hard/crtn.o
                0x0000000020018000                _estack = (ORIGIN (RAM) + LENGTH (RAM))
                0x0000000000000200                _Min_Heap_Size = 0x200
                0x0000000000000400                _Min_Stack_Size = 0x400

.isr_vector     0x0000000008000000      0x188
                0x0000000008000000                . = ALIGN (0x4)
 *(.isr_vector)
 .isr_vector    0x0000000008000000      0x188 ./Core/Startup/startup_stm32l476vgtx.o
                0x0000000008000000                g_pfnVectors
                0x0000000008000188                . = ALIGN (0x4)

.text           0x0000000008000190    0x11768
                0x0000000008000190                . = ALIGN (0x4)
 *(.text)
 .text          0x0000000008000190       0x40 d:/stm32cubeide_1.9.0/stm32cubeide/plugins/com.st.stm32cube.ide.mcu.externaltools.gnu-tools-for-stm32.10.3-2021.10.win32_1.0.0.202111181127/tools/bin/../lib/gcc/arm-none-eabi/10.3.1/thumb/v7e-m+fp/hard/crtbegin.o
 .text          0x00000000080001d0       0x14 d:/stm32cubeide_1.9.0/stm32cubeide/plugins/com.st.stm32cube.ide.mcu.externaltools.gnu-tools-for-stm32.10.3-2021.10.win32_1.0.0.202111181127/tools/bin/../lib/gcc/arm-none-eabi/10.3.1/../../../../arm-none-eabi/lib/thumb/v7e-m+fp/hard\libc_nano.a(lib_a-strcmp.o)
                0x00000000080001d0                strcmp
 .text          0x00000000080001e4       0x10 d:/stm32cubeide_1.9.0/stm32cubeide/plugins/com.st.stm32cube.ide.mcu.externaltools.gnu-tools-for-stm32.10.3-2021.10.win32_1.0.0.202111181127/tools/bin/../lib/gcc/arm-none-eabi/10.3.1/../../../../arm-none-eabi/lib/thumb/v7e-m+fp/hard\libc_nano.a(lib_a-strlen.o)
                0x00000000080001e4                strlen
 *fill*         0x00000000080001f4        0xc 
 .text          0x0000000008000200       0xa0 d:/stm32cubeide_1.9.0/stm32cubeide/plugins/com.st.stm32cube.ide.mcu.externaltools.gnu-tools-for-stm32.10.3-2021.10.win32_1.0.0.202111181127/tools/bin/../lib/gcc/arm-none-eabi/10.3.1/../../../../arm-none-eabi/lib/thumb/v7e-m+fp/hard\libc_nano.a(lib_a-memchr.o)
                0x0000000008000200                memchr
 .text          0x00000000080002a0      0x378 d:/stm32cubeide_1.9.0/stm32cubeide/plugins/com.st.stm32cube.ide.mcu.externaltools.gnu-tools-for-stm32.10.3-2021.10.win32_1.0.0.202111181127/tools/bin/../lib/gcc/arm-none-eabi/10.3.1/thumb/v7e-m+fp/hard\libgcc.a(_arm_addsubdf3.o)
                0x00000000080002a0                __aeabi_drsub
                0x00000000080002a8                __aeabi_dsub
                0x00000000080002a8                __subdf3
                0x00000000080002ac                __aeabi_dadd
                0x00000000080002ac                __adddf3
                0x0000000008000524                __floatunsidf
                0x0000000008000524                __aeabi_ui2d
                0x0000000008000544                __floatsidf
                0x0000000008000544                __aeabi_i2d
                0x0000000008000568                __aeabi_f2d
                0x0000000008000568                __extendsfdf2
                0x00000000080005ac                __floatundidf
                0x00000000080005ac                __aeabi_ul2d
                0x00000000080005bc                __floatdidf
                0x00000000080005bc                __aeabi_l2d
 .text          0x0000000008000618      0x424 d:/stm32cubeide_1.9.0/stm32cubeide/plugins/com.st.stm32cube.ide.mcu.externaltools.gnu-tools-for-stm32.10.3-2021.10.win32_1.0.0.202111181127/tools/bin/../lib/gcc/arm-none-eabi/10.3.1/thumb/v7e-m+fp/hard\libgcc.a(_arm_muldivdf3.o)
                0x0000000008000618                __aeabi_dmul
                0x0000000008000618                __muldf3
                0x000000000800086c                __divdf3
                0x000000000800086c                __aeabi_ddiv
 .text          0x0000000008000a3c      0x110 d:/stm32cubeide_1.9.0/stm32cubeide/plugins/com.st.stm32cube.ide.mcu.externaltools.gnu-tools-for-stm32.10.3-2021.10.win32_1.0.0.202111181127/tools/bin/../lib/gcc/arm-none-eabi/10.3.1/thumb/v7e-m+fp/hard\libgcc.a(_arm_cmpdf2.o)
                0x0000000008000a3c                __gtdf2
                0x0000000008000a3c                __gedf2
                0x0000000008000a44                __ltdf2
                0x0000000008000a44                __ledf2
                0x0000000008000a4c                __nedf2
                0x0000000008000a4c                __eqdf2
                0x0000000008000a4c                __cmpdf2
                0x0000000008000ac8                __aeabi_cdrcmple
                0x0000000008000ad8                __aeabi_cdcmpeq
                0x0000000008000ad8                __aeabi_cdcmple
                0x0000000008000ae8                __aeabi_dcmpeq
                0x0000000008000afc                __aeabi_dcmplt
                0x0000000008000b10                __aeabi_dcmple
                0x0000000008000b24                __aeabi_dcmpge
                0x0000000008000b38                __aeabi_dcmpgt
 .text          0x0000000008000b4c       0x2c d:/stm32cubeide_1.9.0/stm32cubeide/plugins/com.st.stm32cube.ide.mcu.externaltools.gnu-tools-for-stm32.10.3-2021.10.win32_1.0.0.202111181127/tools/bin/../lib/gcc/arm-none-eabi/10.3.1/thumb/v7e-m+fp/hard\libgcc.a(_arm_unorddf2.o)
                0x0000000008000b4c                __unorddf2
                0x0000000008000b4c                __aeabi_dcmpun
 .text          0x0000000008000b78       0x50 d:/stm32cubeide_1.9.0/stm32cubeide/plugins/com.st.stm32cube.ide.mcu.externaltools.gnu-tools-for-stm32.10.3-2021.10.win32_1.0.0.202111181127/tools/bin/../lib/gcc/arm-none-eabi/10.3.1/thumb/v7e-m+fp/hard\libgcc.a(_arm_fixdfsi.o)
                0x0000000008000b78                __aeabi_d2iz
                0x0000000008000b78                __fixdfsi
 .text          0x0000000008000bc8       0x40 d:/stm32cubeide_1.9.0/stm32cubeide/plugins/com.st.stm32cube.ide.mcu.externaltools.gnu-tools-for-stm32.10.3-2021.10.win32_1.0.0.202111181127/tools/bin/../lib/gcc/arm-none-eabi/10.3.1/thumb/v7e-m+fp/hard\libgcc.a(_arm_fixunsdfsi.o)
                0x0000000008000bc8                __aeabi_d2uiz
                0x0000000008000bc8                __fixunsdfsi
 .text          0x0000000008000c08       0xa0 d:/stm32cubeide_1.9.0/stm32cubeide/plugins/com.st.stm32cube.ide.mcu.externaltools.gnu-tools-for-stm32.10.3-2021.10.win32_1.0.0.202111181127/tools/bin/../lib/gcc/arm-none-eabi/10.3.1/thumb/v7e-m+fp/hard\libgcc.a(_arm_truncdfsf2.o)
                0x0000000008000c08                __truncdfsf2
                0x0000000008000c08                __aeabi_d2f
 .text          0x0000000008000ca8       0x30 d:/stm32cubeide_1.9.0/stm32cubeide/plugins/com.st.stm32cube.ide.mcu.externaltools.gnu-tools-for-stm32.10.3-2021.10.win32_1.0.0.202111181127/tools/bin/../lib/gcc/arm-none-eabi/10.3.1/thumb/v7e-m+fp/hard\libgcc.a(_aeabi_uldivmod.o)
                0x0000000008000ca8                __aeabi_uldivmod
 .text          0x0000000008000cd8       0x30 d:/stm32cubeide_1.9.0/stm32cubeide/plugins/com.st.stm32cube.ide.mcu.externaltools.gnu-tools-for-stm32.10.3-2021.10.win32_1.0.0.202111181127/tools/bin/../lib/gcc/arm-none-eabi/10.3.1/thumb/v7e-m+fp/hard\libgcc.a(_fixdfdi.o)
                0x0000000008000cd8                __fixdfdi
                0x0000000008000cd8                __aeabi_d2lz
 .text          0x0000000008000d08       0x3c d:/stm32cubeide_1.9.0/stm32cubeide/plugins/com.st.stm32cube.ide.mcu.externaltools.gnu-tools-for-stm32.10.3-2021.10.win32_1.0.0.202111181127/tools/bin/../lib/gcc/arm-none-eabi/10.3.1/thumb/v7e-m+fp/hard\libgcc.a(_fixunsdfdi.o)
                0x0000000008000d08                __fixunsdfdi
                0x0000000008000d08                __aeabi_d2ulz
 .text          0x0000000008000d44      0x2d0 d:/stm32cubeide_1.9.0/stm32cubeide/plugins/com.st.stm32cube.ide.mcu.externaltools.gnu-tools-for-stm32.10.3-2021.10.win32_1.0.0.202111181127/tools/bin/../lib/gcc/arm-none-eabi/10.3.1/thumb/v7e-m+fp/hard\libgcc.a(_udivmoddi4.o)
                0x0000000008000d44                __udivmoddi4
 .text          0x0000000008001014        0x4 d:/stm32cubeide_1.9.0/stm32cubeide/plugins/com.st.stm32cube.ide.mcu.externaltools.gnu-tools-for-stm32.10.3-2021.10.win32_1.0.0.202111181127/tools/bin/../lib/gcc/arm-none-eabi/10.3.1/thumb/v7e-m+fp/hard\libgcc.a(_dvmd_tls.o)
                0x0000000008001014                __aeabi_idiv0
                0x0000000008001014                __aeabi_ldiv0
 *(.text*)
 .text.send_data
                0x0000000008001018       0x80 ./BSP/BLE/BLE.o
                0x0000000008001018                send_data
 .text.History_Range
                0x0000000008001098      0x188 ./BSP/BLE/BLE.o
                0x0000000008001098                History_Range
 .text.MX_USART1_UART_Init
                0x0000000008001220       0x54 ./BSP/BLE/BLE.o
 .text.BLE_State_Pin_Init
                0x0000000008001274       0x2c ./BSP/BLE/BLE.o
 .text.BLE_Init
                0x00000000080012a0       0x24 ./BSP/BLE/BLE.o
                0x00000000080012a0                BLE_Init
 .text.HAL_UART_RxHalfCpltCallback
                0x00000000080012c4       0x34 ./BSP/BLE/BLE.o
                0x00000000080012c4                HAL_UART_RxHalfCpltCallback
 .text.Memory_Init
                0x00000000080012f8       0x8c ./BSP/Flash Memory/Memory.o
                0x00000000080012f8                Memory_Init
 .text.BSP_QSPI_Read
                0x0000000008001384       0x6c ./BSP/Flash Memory/Memory.o
                0x0000000008001384                BSP_QSPI_Read
 .text.Store_Data
                0x00000000080013f0       0x7c ./BSP/Flash Memory/Memory.o
                0x00000000080013f0                Store_Data
 .text.get_history
                0x000000000800146c      0x308 ./BSP/Flash Memory/Memory.o
                0x000000000800146c                get_history
 .text.BSP_QSPI_Erase_Block
                0x0000000008001774       0x68 ./BSP/Flash Memory/Memory.o
                0x0000000008001774                BSP_QSPI_Erase_Block
 .text.QSPI_MspInit
                0x00000000080017dc       0x98 ./BSP/Flash Memory/Memory.o
 .text.QSPI_ResetMemory
                0x0000000008001874       0x88 ./BSP/Flash Memory/Memory.o
 .text.QSPI_DummyCyclesCfg
                0x00000000080018fc       0xfc ./BSP/Flash Memory/Memory.o
 .text.QSPI_WriteEnable
                0x00000000080019f8       0x98 ./BSP/Flash Memory/Memory.o
 .text.QSPI_AutoPollingMemReady
                0x0000000008001a90       0x74 ./BSP/Flash Memory/Memory.o
 .text.USART2_UART_Init
                0x0000000008001b04       0x54 ./BSP/Flash Memory/Memory.o
 .text.Hexadecimal
                0x0000000008001b58       0x34 ./BSP/Flash Memory/Memory.o
 .text.Est_Vide
                0x0000000008001b8c       0xa6 ./BSP/Flash Memory/Memory.o
 *fill*         0x0000000008001c32        0x2 
 .text.Mem_pleine
                0x0000000008001c34       0x74 ./BSP/Flash Memory/Memory.o
 .text.inversion_hex
                0x0000000008001ca8       0x62 ./BSP/Flash Memory/Memory.o
 *fill*         0x0000000008001d0a        0x2 
 .text.Write_Data
                0x0000000008001d0c      0x110 ./BSP/Flash Memory/Memory.o
 .text.Erase_Subsector
                0x0000000008001e1c      0x128 ./BSP/Flash Memory/Memory.o
 .text.hexa_of_epoch
                0x0000000008001f44       0x78 ./BSP/Flash Memory/Memory.o
 .text.start_of_history
                0x0000000008001fbc       0x76 ./BSP/Flash Memory/Memory.o
 *fill*         0x0000000008002032        0x2 
 .text.HAL_UART_TxCpltCallback
                0x0000000008002034       0x48 ./BSP/Flash Memory/Memory.o
                0x0000000008002034                HAL_UART_TxCpltCallback
 .text.Get_Data
                0x000000000800207c      0x13c ./BSP/GPS/GPS.o
                0x000000000800207c                Get_Data
 .text.GPS_Init
                0x00000000080021b8       0x64 ./BSP/GPS/GPS.o
                0x00000000080021b8                GPS_Init
 *fill*         0x000000000800221c        0x4 
 .text.Format_data
                0x0000000008002220      0x3bc ./BSP/GPS/GPS.o
 .text.Get_Epoch_Time
                0x00000000080025dc       0x46 ./BSP/GPS/GPS.o
 *fill*         0x0000000008002622        0x2 
 .text.Inversion
                0x0000000008002624       0x7c ./BSP/GPS/GPS.o
                0x0000000008002624                Inversion
 .text.HAL_UART_RxCpltCallback
                0x00000000080026a0       0x30 ./BSP/GPS/GPS.o
                0x00000000080026a0                HAL_UART_RxCpltCallback
 .text.HAL_GPIO_EXTI_Callback
                0x00000000080026d0       0x44 ./Core/Src/main.o
                0x00000000080026d0                HAL_GPIO_EXTI_Callback
 .text.main     0x0000000008002714      0x144 ./Core/Src/main.o
                0x0000000008002714                main
 .text.SystemClock_Config
                0x0000000008002858       0xa4 ./Core/Src/main.o
                0x0000000008002858                SystemClock_Config
 .text.MX_DMA_Init
                0x00000000080028fc       0x3c ./Core/Src/main.o
 .text.MX_GPIO_Init
                0x0000000008002938      0x11c ./Core/Src/main.o
 .text.StartGPS_Get_Data
                0x0000000008002a54       0x8c ./Core/Src/main.o
                0x0000000008002a54                StartGPS_Get_Data
 .text.StartMem_Access_Data
                0x0000000008002ae0       0xc8 ./Core/Src/main.o
                0x0000000008002ae0                StartMem_Access_Data
 .text.StartBLE_Send_Data
                0x0000000008002ba8       0xcc ./Core/Src/main.o
                0x0000000008002ba8                StartBLE_Send_Data
 .text.StartBike_state
                0x0000000008002c74       0x6c ./Core/Src/main.o
                0x0000000008002c74                StartBike_state
 .text.HAL_TIM_PeriodElapsedCallback
                0x0000000008002ce0       0x24 ./Core/Src/main.o
                0x0000000008002ce0                HAL_TIM_PeriodElapsedCallback
 .text.Error_Handler
                0x0000000008002d04        0xa ./Core/Src/main.o
                0x0000000008002d04                Error_Handler
 *fill*         0x0000000008002d0e        0x2 
 .text.HAL_MspInit
                0x0000000008002d10       0x50 ./Core/Src/stm32l4xx_hal_msp.o
                0x0000000008002d10                HAL_MspInit
 .text.HAL_QSPI_MspInit
                0x0000000008002d60       0x88 ./Core/Src/stm32l4xx_hal_msp.o
                0x0000000008002d60                HAL_QSPI_MspInit
 .text.HAL_QSPI_MspDeInit
                0x0000000008002de8       0x3c ./Core/Src/stm32l4xx_hal_msp.o
                0x0000000008002de8                HAL_QSPI_MspDeInit
 .text.HAL_UART_MspInit
                0x0000000008002e24      0x258 ./Core/Src/stm32l4xx_hal_msp.o
                0x0000000008002e24                HAL_UART_MspInit
 .text.HAL_InitTick
                0x000000000800307c       0xac ./Core/Src/stm32l4xx_hal_timebase_tim.o
                0x000000000800307c                HAL_InitTick
 .text.HAL_SuspendTick
                0x0000000008003128       0x24 ./Core/Src/stm32l4xx_hal_timebase_tim.o
                0x0000000008003128                HAL_SuspendTick
 .text.HAL_ResumeTick
                0x000000000800314c       0x24 ./Core/Src/stm32l4xx_hal_timebase_tim.o
                0x000000000800314c                HAL_ResumeTick
 .text.NMI_Handler
                0x0000000008003170        0x6 ./Core/Src/stm32l4xx_it.o
                0x0000000008003170                NMI_Handler
 .text.HardFault_Handler
                0x0000000008003176        0x6 ./Core/Src/stm32l4xx_it.o
                0x0000000008003176                HardFault_Handler
 .text.MemManage_Handler
                0x000000000800317c        0x6 ./Core/Src/stm32l4xx_it.o
                0x000000000800317c                MemManage_Handler
 .text.BusFault_Handler
                0x0000000008003182        0x6 ./Core/Src/stm32l4xx_it.o
                0x0000000008003182                BusFault_Handler
 .text.UsageFault_Handler
                0x0000000008003188        0x6 ./Core/Src/stm32l4xx_it.o
                0x0000000008003188                UsageFault_Handler
 .text.DebugMon_Handler
                0x000000000800318e        0xe ./Core/Src/stm32l4xx_it.o
                0x000000000800318e                DebugMon_Handler
 .text.EXTI2_IRQHandler
                0x000000000800319c        0xe ./Core/Src/stm32l4xx_it.o
                0x000000000800319c                EXTI2_IRQHandler
 *fill*         0x00000000080031aa        0x2 
 .text.DMA1_Channel5_IRQHandler
                0x00000000080031ac       0x14 ./Core/Src/stm32l4xx_it.o
                0x00000000080031ac                DMA1_Channel5_IRQHandler
 .text.USART1_IRQHandler
                0x00000000080031c0       0x14 ./Core/Src/stm32l4xx_it.o
                0x00000000080031c0                USART1_IRQHandler
 .text.USART2_IRQHandler
                0x00000000080031d4       0x14 ./Core/Src/stm32l4xx_it.o
                0x00000000080031d4                USART2_IRQHandler
 .text.UART4_IRQHandler
                0x00000000080031e8       0x14 ./Core/Src/stm32l4xx_it.o
                0x00000000080031e8                UART4_IRQHandler
 .text.TIM6_DAC_IRQHandler
                0x00000000080031fc       0x14 ./Core/Src/stm32l4xx_it.o
                0x00000000080031fc                TIM6_DAC_IRQHandler
 .text._getpid  0x0000000008003210       0x10 ./Core/Src/syscalls.o
                0x0000000008003210                _getpid
 .text._kill    0x0000000008003220       0x20 ./Core/Src/syscalls.o
                0x0000000008003220                _kill
 .text._exit    0x0000000008003240       0x14 ./Core/Src/syscalls.o
                0x0000000008003240                _exit
 .text._read    0x0000000008003254       0x3a ./Core/Src/syscalls.o
                0x0000000008003254                _read
 .text._write   0x000000000800328e       0x38 ./Core/Src/syscalls.o
                0x000000000800328e                _write
 .text._close   0x00000000080032c6       0x18 ./Core/Src/syscalls.o
                0x00000000080032c6                _close
 .text._fstat   0x00000000080032de       0x20 ./Core/Src/syscalls.o
                0x00000000080032de                _fstat
 .text._isatty  0x00000000080032fe       0x16 ./Core/Src/syscalls.o
                0x00000000080032fe                _isatty
 .text._lseek   0x0000000008003314       0x1a ./Core/Src/syscalls.o
                0x0000000008003314                _lseek
 *fill*         0x000000000800332e        0x2 
 .text._sbrk    0x0000000008003330       0x6c ./Core/Src/sysmem.o
                0x0000000008003330                _sbrk
 .text.SystemInit
                0x000000000800339c       0x24 ./Core/Src/system_stm32l4xx.o
                0x000000000800339c                SystemInit
 .text.Reset_Handler
                0x00000000080033c0       0x50 ./Core/Startup/startup_stm32l476vgtx.o
                0x00000000080033c0                Reset_Handler
 .text.Default_Handler
                0x0000000008003410        0x2 ./Core/Startup/startup_stm32l476vgtx.o
                0x0000000008003410                RTC_Alarm_IRQHandler
                0x0000000008003410                TIM8_TRG_COM_IRQHandler
                0x0000000008003410                TIM8_CC_IRQHandler
                0x0000000008003410                TIM1_CC_IRQHandler
                0x0000000008003410                TSC_IRQHandler
                0x0000000008003410                TAMP_STAMP_IRQHandler
                0x0000000008003410                EXTI3_IRQHandler
                0x0000000008003410                LPTIM2_IRQHandler
                0x0000000008003410                DFSDM1_FLT1_IRQHandler
                0x0000000008003410                I2C3_ER_IRQHandler
                0x0000000008003410                DFSDM1_FLT2_IRQHandler
                0x0000000008003410                EXTI0_IRQHandler
                0x0000000008003410                I2C2_EV_IRQHandler
                0x0000000008003410                CAN1_RX0_IRQHandler
                0x0000000008003410                FPU_IRQHandler
                0x0000000008003410                TIM1_UP_TIM16_IRQHandler
                0x0000000008003410                ADC1_2_IRQHandler
                0x0000000008003410                SPI1_IRQHandler
                0x0000000008003410                TIM8_UP_IRQHandler
                0x0000000008003410                DMA2_Channel2_IRQHandler
                0x0000000008003410                DMA1_Channel4_IRQHandler
                0x0000000008003410                SAI2_IRQHandler
                0x0000000008003410                DFSDM1_FLT3_IRQHandler
                0x0000000008003410                USART3_IRQHandler
                0x0000000008003410                DMA1_Channel7_IRQHandler
                0x0000000008003410                CAN1_RX1_IRQHandler
                0x0000000008003410                LCD_IRQHandler
                0x0000000008003410                UART5_IRQHandler
                0x0000000008003410                ADC3_IRQHandler
                0x0000000008003410                TIM4_IRQHandler
                0x0000000008003410                DMA2_Channel1_IRQHandler
                0x0000000008003410                QUADSPI_IRQHandler
                0x0000000008003410                I2C1_EV_IRQHandler
                0x0000000008003410                DMA1_Channel6_IRQHandler
                0x0000000008003410                DMA2_Channel4_IRQHandler
                0x0000000008003410                TIM3_IRQHandler
                0x0000000008003410                RCC_IRQHandler
                0x0000000008003410                DMA1_Channel1_IRQHandler
                0x0000000008003410                Default_Handler
                0x0000000008003410                DMA2_Channel7_IRQHandler
                0x0000000008003410                EXTI15_10_IRQHandler
                0x0000000008003410                TIM7_IRQHandler
                0x0000000008003410                SDMMC1_IRQHandler
                0x0000000008003410                TIM5_IRQHandler
                0x0000000008003410                I2C3_EV_IRQHandler
                0x0000000008003410                EXTI9_5_IRQHandler
                0x0000000008003410                RTC_WKUP_IRQHandler
                0x0000000008003410                PVD_PVM_IRQHandler
                0x0000000008003410                SPI2_IRQHandler
                0x0000000008003410                CAN1_TX_IRQHandler
                0x0000000008003410                DMA2_Channel5_IRQHandler
                0x0000000008003410                EXTI4_IRQHandler
                0x0000000008003410                RNG_IRQHandler
                0x0000000008003410                TIM1_TRG_COM_TIM17_IRQHandler
                0x0000000008003410                DMA1_Channel3_IRQHandler
                0x0000000008003410                COMP_IRQHandler
                0x0000000008003410                WWDG_IRQHandler
                0x0000000008003410                LPUART1_IRQHandler
                0x0000000008003410                DMA2_Channel6_IRQHandler
                0x0000000008003410                TIM2_IRQHandler
                0x0000000008003410                EXTI1_IRQHandler
                0x0000000008003410                DFSDM1_FLT0_IRQHandler
                0x0000000008003410                I2C2_ER_IRQHandler
                0x0000000008003410                DMA1_Channel2_IRQHandler
                0x0000000008003410                TIM8_BRK_IRQHandler
                0x0000000008003410                CAN1_SCE_IRQHandler
                0x0000000008003410                FLASH_IRQHandler
                0x0000000008003410                OTG_FS_IRQHandler
                0x0000000008003410                SPI3_IRQHandler
                0x0000000008003410                I2C1_ER_IRQHandler
                0x0000000008003410                FMC_IRQHandler
                0x0000000008003410                SWPMI1_IRQHandler
                0x0000000008003410                LPTIM1_IRQHandler
                0x0000000008003410                SAI1_IRQHandler
                0x0000000008003410                DMA2_Channel3_IRQHandler
                0x0000000008003410                TIM1_BRK_TIM15_IRQHandler
 .text.HAL_Init
                0x0000000008003412       0x30 ./Drivers/STM32L4xx_HAL_Driver/Src/stm32l4xx_hal.o
                0x0000000008003412                HAL_Init
 *fill*         0x0000000008003442        0x2 
 .text.HAL_IncTick
                0x0000000008003444       0x28 ./Drivers/STM32L4xx_HAL_Driver/Src/stm32l4xx_hal.o
                0x0000000008003444                HAL_IncTick
 .text.HAL_GetTick
                0x000000000800346c       0x18 ./Drivers/STM32L4xx_HAL_Driver/Src/stm32l4xx_hal.o
                0x000000000800346c                HAL_GetTick
 .text.HAL_Delay
                0x0000000008003484       0x48 ./Drivers/STM32L4xx_HAL_Driver/Src/stm32l4xx_hal.o
                0x0000000008003484                HAL_Delay
 .text.__NVIC_SetPriorityGrouping
                0x00000000080034cc       0x48 ./Drivers/STM32L4xx_HAL_Driver/Src/stm32l4xx_hal_cortex.o
 .text.__NVIC_GetPriorityGrouping
                0x0000000008003514       0x1c ./Drivers/STM32L4xx_HAL_Driver/Src/stm32l4xx_hal_cortex.o
 .text.__NVIC_EnableIRQ
                0x0000000008003530       0x3c ./Drivers/STM32L4xx_HAL_Driver/Src/stm32l4xx_hal_cortex.o
 .text.__NVIC_SetPriority
                0x000000000800356c       0x54 ./Drivers/STM32L4xx_HAL_Driver/Src/stm32l4xx_hal_cortex.o
 .text.NVIC_EncodePriority
                0x00000000080035c0       0x66 ./Drivers/STM32L4xx_HAL_Driver/Src/stm32l4xx_hal_cortex.o
 .text.HAL_NVIC_SetPriorityGrouping
                0x0000000008003626       0x16 ./Drivers/STM32L4xx_HAL_Driver/Src/stm32l4xx_hal_cortex.o
                0x0000000008003626                HAL_NVIC_SetPriorityGrouping
 .text.HAL_NVIC_SetPriority
                0x000000000800363c       0x38 ./Drivers/STM32L4xx_HAL_Driver/Src/stm32l4xx_hal_cortex.o
                0x000000000800363c                HAL_NVIC_SetPriority
 .text.HAL_NVIC_EnableIRQ
                0x0000000008003674       0x1c ./Drivers/STM32L4xx_HAL_Driver/Src/stm32l4xx_hal_cortex.o
                0x0000000008003674                HAL_NVIC_EnableIRQ
 .text.HAL_DMA_Init
                0x0000000008003690      0x170 ./Drivers/STM32L4xx_HAL_Driver/Src/stm32l4xx_hal_dma.o
                0x0000000008003690                HAL_DMA_Init
 .text.HAL_DMA_Start_IT
                0x0000000008003800       0xc0 ./Drivers/STM32L4xx_HAL_Driver/Src/stm32l4xx_hal_dma.o
                0x0000000008003800                HAL_DMA_Start_IT
 .text.HAL_DMA_Abort
                0x00000000080038c0       0x7c ./Drivers/STM32L4xx_HAL_Driver/Src/stm32l4xx_hal_dma.o
                0x00000000080038c0                HAL_DMA_Abort
 .text.HAL_DMA_Abort_IT
                0x000000000800393c       0x82 ./Drivers/STM32L4xx_HAL_Driver/Src/stm32l4xx_hal_dma.o
                0x000000000800393c                HAL_DMA_Abort_IT
 .text.HAL_DMA_IRQHandler
                0x00000000080039be      0x15e ./Drivers/STM32L4xx_HAL_Driver/Src/stm32l4xx_hal_dma.o
                0x00000000080039be                HAL_DMA_IRQHandler
 .text.DMA_SetConfig
                0x0000000008003b1c       0x60 ./Drivers/STM32L4xx_HAL_Driver/Src/stm32l4xx_hal_dma.o
 .text.HAL_GPIO_Init
                0x0000000008003b7c      0x354 ./Drivers/STM32L4xx_HAL_Driver/Src/stm32l4xx_hal_gpio.o
                0x0000000008003b7c                HAL_GPIO_Init
 .text.HAL_GPIO_DeInit
                0x0000000008003ed0      0x1e8 ./Drivers/STM32L4xx_HAL_Driver/Src/stm32l4xx_hal_gpio.o
                0x0000000008003ed0                HAL_GPIO_DeInit
 .text.HAL_GPIO_ReadPin
                0x00000000080040b8       0x30 ./Drivers/STM32L4xx_HAL_Driver/Src/stm32l4xx_hal_gpio.o
                0x00000000080040b8                HAL_GPIO_ReadPin
 .text.HAL_GPIO_EXTI_IRQHandler
                0x00000000080040e8       0x30 ./Drivers/STM32L4xx_HAL_Driver/Src/stm32l4xx_hal_gpio.o
                0x00000000080040e8                HAL_GPIO_EXTI_IRQHandler
 .text.HAL_PWR_EnableWakeUpPin
                0x0000000008004118       0x40 ./Drivers/STM32L4xx_HAL_Driver/Src/stm32l4xx_hal_pwr.o
                0x0000000008004118                HAL_PWR_EnableWakeUpPin
 .text.HAL_PWR_EnterSTANDBYMode
                0x0000000008004158       0x34 ./Drivers/STM32L4xx_HAL_Driver/Src/stm32l4xx_hal_pwr.o
                0x0000000008004158                HAL_PWR_EnterSTANDBYMode
 .text.HAL_PWREx_GetVoltageRange
                0x000000000800418c       0x1c ./Drivers/STM32L4xx_HAL_Driver/Src/stm32l4xx_hal_pwr_ex.o
                0x000000000800418c                HAL_PWREx_GetVoltageRange
 .text.HAL_PWREx_ControlVoltageScaling
                0x00000000080041a8       0xac ./Drivers/STM32L4xx_HAL_Driver/Src/stm32l4xx_hal_pwr_ex.o
                0x00000000080041a8                HAL_PWREx_ControlVoltageScaling
 .text.HAL_QSPI_Init
                0x0000000008004254       0xec ./Drivers/STM32L4xx_HAL_Driver/Src/stm32l4xx_hal_qspi.o
                0x0000000008004254                HAL_QSPI_Init
 .text.HAL_QSPI_DeInit
                0x0000000008004340       0x48 ./Drivers/STM32L4xx_HAL_Driver/Src/stm32l4xx_hal_qspi.o
                0x0000000008004340                HAL_QSPI_DeInit
 .text.HAL_QSPI_Command
                0x0000000008004388       0xbc ./Drivers/STM32L4xx_HAL_Driver/Src/stm32l4xx_hal_qspi.o
                0x0000000008004388                HAL_QSPI_Command
 .text.HAL_QSPI_Transmit
                0x0000000008004444      0x12e ./Drivers/STM32L4xx_HAL_Driver/Src/stm32l4xx_hal_qspi.o
                0x0000000008004444                HAL_QSPI_Transmit
 .text.HAL_QSPI_Receive
                0x0000000008004572      0x144 ./Drivers/STM32L4xx_HAL_Driver/Src/stm32l4xx_hal_qspi.o
                0x0000000008004572                HAL_QSPI_Receive
 .text.HAL_QSPI_AutoPolling
                0x00000000080046b6       0xee ./Drivers/STM32L4xx_HAL_Driver/Src/stm32l4xx_hal_qspi.o
                0x00000000080046b6                HAL_QSPI_AutoPolling
 .text.HAL_QSPI_Abort
                0x00000000080047a4       0xf2 ./Drivers/STM32L4xx_HAL_Driver/Src/stm32l4xx_hal_qspi.o
                0x00000000080047a4                HAL_QSPI_Abort
 .text.HAL_QSPI_SetTimeout
                0x0000000008004896       0x1c ./Drivers/STM32L4xx_HAL_Driver/Src/stm32l4xx_hal_qspi.o
                0x0000000008004896                HAL_QSPI_SetTimeout
 .text.QSPI_WaitFlagStateUntilTimeout
                0x00000000080048b2       0x6e ./Drivers/STM32L4xx_HAL_Driver/Src/stm32l4xx_hal_qspi.o
 .text.QSPI_Config
                0x0000000008004920      0x30c ./Drivers/STM32L4xx_HAL_Driver/Src/stm32l4xx_hal_qspi.o
 .text.HAL_RCC_OscConfig
                0x0000000008004c2c      0x7b8 ./Drivers/STM32L4xx_HAL_Driver/Src/stm32l4xx_hal_rcc.o
                0x0000000008004c2c                HAL_RCC_OscConfig
 .text.HAL_RCC_ClockConfig
                0x00000000080053e4      0x200 ./Drivers/STM32L4xx_HAL_Driver/Src/stm32l4xx_hal_rcc.o
                0x00000000080053e4                HAL_RCC_ClockConfig
 .text.HAL_RCC_GetSysClockFreq
                0x00000000080055e4      0x118 ./Drivers/STM32L4xx_HAL_Driver/Src/stm32l4xx_hal_rcc.o
                0x00000000080055e4                HAL_RCC_GetSysClockFreq
 .text.HAL_RCC_GetHCLKFreq
                0x00000000080056fc       0x18 ./Drivers/STM32L4xx_HAL_Driver/Src/stm32l4xx_hal_rcc.o
                0x00000000080056fc                HAL_RCC_GetHCLKFreq
 .text.HAL_RCC_GetPCLK1Freq
                0x0000000008005714       0x2c ./Drivers/STM32L4xx_HAL_Driver/Src/stm32l4xx_hal_rcc.o
                0x0000000008005714                HAL_RCC_GetPCLK1Freq
 .text.HAL_RCC_GetPCLK2Freq
                0x0000000008005740       0x2c ./Drivers/STM32L4xx_HAL_Driver/Src/stm32l4xx_hal_rcc.o
                0x0000000008005740                HAL_RCC_GetPCLK2Freq
 .text.HAL_RCC_GetClockConfig
                0x000000000800576c       0x64 ./Drivers/STM32L4xx_HAL_Driver/Src/stm32l4xx_hal_rcc.o
                0x000000000800576c                HAL_RCC_GetClockConfig
 .text.RCC_SetFlashLatencyFromMSIRange
                0x00000000080057d0       0xc0 ./Drivers/STM32L4xx_HAL_Driver/Src/stm32l4xx_hal_rcc.o
 .text.HAL_RCCEx_PeriphCLKConfig
                0x0000000008005890      0x5d4 ./Drivers/STM32L4xx_HAL_Driver/Src/stm32l4xx_hal_rcc_ex.o
                0x0000000008005890                HAL_RCCEx_PeriphCLKConfig
 .text.RCCEx_PLLSAI1_Config
                0x0000000008005e64      0x1e8 ./Drivers/STM32L4xx_HAL_Driver/Src/stm32l4xx_hal_rcc_ex.o
 .text.RCCEx_PLLSAI2_Config
                0x000000000800604c      0x1bc ./Drivers/STM32L4xx_HAL_Driver/Src/stm32l4xx_hal_rcc_ex.o
 .text.HAL_TIM_Base_Init
                0x0000000008006208       0xae ./Drivers/STM32L4xx_HAL_Driver/Src/stm32l4xx_hal_tim.o
                0x0000000008006208                HAL_TIM_Base_Init
 .text.HAL_TIM_Base_MspInit
                0x00000000080062b6       0x14 ./Drivers/STM32L4xx_HAL_Driver/Src/stm32l4xx_hal_tim.o
                0x00000000080062b6                HAL_TIM_Base_MspInit
 *fill*         0x00000000080062ca        0x2 
 .text.HAL_TIM_Base_Start_IT
                0x00000000080062cc       0xe0 ./Drivers/STM32L4xx_HAL_Driver/Src/stm32l4xx_hal_tim.o
                0x00000000080062cc                HAL_TIM_Base_Start_IT
 .text.HAL_TIM_IRQHandler
                0x00000000080063ac      0x23e ./Drivers/STM32L4xx_HAL_Driver/Src/stm32l4xx_hal_tim.o
                0x00000000080063ac                HAL_TIM_IRQHandler
 .text.HAL_TIM_OC_DelayElapsedCallback
                0x00000000080065ea       0x14 ./Drivers/STM32L4xx_HAL_Driver/Src/stm32l4xx_hal_tim.o
                0x00000000080065ea                HAL_TIM_OC_DelayElapsedCallback
 .text.HAL_TIM_IC_CaptureCallback
                0x00000000080065fe       0x14 ./Drivers/STM32L4xx_HAL_Driver/Src/stm32l4xx_hal_tim.o
                0x00000000080065fe                HAL_TIM_IC_CaptureCallback
 .text.HAL_TIM_PWM_PulseFinishedCallback
                0x0000000008006612       0x14 ./Drivers/STM32L4xx_HAL_Driver/Src/stm32l4xx_hal_tim.o
                0x0000000008006612                HAL_TIM_PWM_PulseFinishedCallback
 .text.HAL_TIM_TriggerCallback
                0x0000000008006626       0x14 ./Drivers/STM32L4xx_HAL_Driver/Src/stm32l4xx_hal_tim.o
                0x0000000008006626                HAL_TIM_TriggerCallback
 *fill*         0x000000000800663a        0x2 
 .text.TIM_Base_SetConfig
                0x000000000800663c      0x134 ./Drivers/STM32L4xx_HAL_Driver/Src/stm32l4xx_hal_tim.o
                0x000000000800663c                TIM_Base_SetConfig
 .text.HAL_TIMEx_CommutCallback
                0x0000000008006770       0x14 ./Drivers/STM32L4xx_HAL_Driver/Src/stm32l4xx_hal_tim_ex.o
                0x0000000008006770                HAL_TIMEx_CommutCallback
 .text.HAL_TIMEx_BreakCallback
                0x0000000008006784       0x14 ./Drivers/STM32L4xx_HAL_Driver/Src/stm32l4xx_hal_tim_ex.o
                0x0000000008006784                HAL_TIMEx_BreakCallback
 .text.HAL_TIMEx_Break2Callback
                0x0000000008006798       0x14 ./Drivers/STM32L4xx_HAL_Driver/Src/stm32l4xx_hal_tim_ex.o
                0x0000000008006798                HAL_TIMEx_Break2Callback
 .text.HAL_UART_Init
                0x00000000080067ac       0x9c ./Drivers/STM32L4xx_HAL_Driver/Src/stm32l4xx_hal_uart.o
                0x00000000080067ac                HAL_UART_Init
 .text.HAL_UART_Transmit
                0x0000000008006848      0x128 ./Drivers/STM32L4xx_HAL_Driver/Src/stm32l4xx_hal_uart.o
                0x0000000008006848                HAL_UART_Transmit
 .text.HAL_UART_Transmit_IT
                0x0000000008006970       0xdc ./Drivers/STM32L4xx_HAL_Driver/Src/stm32l4xx_hal_uart.o
                0x0000000008006970                HAL_UART_Transmit_IT
 .text.HAL_UART_Receive_IT
                0x0000000008006a4c       0xac ./Drivers/STM32L4xx_HAL_Driver/Src/stm32l4xx_hal_uart.o
                0x0000000008006a4c                HAL_UART_Receive_IT
 .text.HAL_UART_Receive_DMA
                0x0000000008006af8       0xac ./Drivers/STM32L4xx_HAL_Driver/Src/stm32l4xx_hal_uart.o
                0x0000000008006af8                HAL_UART_Receive_DMA
 .text.HAL_UART_IRQHandler
                0x0000000008006ba4      0x5c4 ./Drivers/STM32L4xx_HAL_Driver/Src/stm32l4xx_hal_uart.o
                0x0000000008006ba4                HAL_UART_IRQHandler
 .text.HAL_UART_ErrorCallback
                0x0000000008007168       0x14 ./Drivers/STM32L4xx_HAL_Driver/Src/stm32l4xx_hal_uart.o
                0x0000000008007168                HAL_UART_ErrorCallback
 .text.HAL_UARTEx_RxEventCallback
                0x000000000800717c       0x18 ./Drivers/STM32L4xx_HAL_Driver/Src/stm32l4xx_hal_uart.o
                0x000000000800717c                HAL_UARTEx_RxEventCallback
 .text.UART_SetConfig
                0x0000000008007194      0x570 ./Drivers/STM32L4xx_HAL_Driver/Src/stm32l4xx_hal_uart.o
                0x0000000008007194                UART_SetConfig
 .text.UART_AdvFeatureConfig
                0x0000000008007704      0x144 ./Drivers/STM32L4xx_HAL_Driver/Src/stm32l4xx_hal_uart.o
                0x0000000008007704                UART_AdvFeatureConfig
 .text.UART_CheckIdleState
                0x0000000008007848       0x92 ./Drivers/STM32L4xx_HAL_Driver/Src/stm32l4xx_hal_uart.o
                0x0000000008007848                UART_CheckIdleState
 .text.UART_WaitOnFlagUntilTimeout
                0x00000000080078da      0x188 ./Drivers/STM32L4xx_HAL_Driver/Src/stm32l4xx_hal_uart.o
                0x00000000080078da                UART_WaitOnFlagUntilTimeout
 *fill*         0x0000000008007a62        0x2 
 .text.UART_Start_Receive_IT
                0x0000000008007a64      0x194 ./Drivers/STM32L4xx_HAL_Driver/Src/stm32l4xx_hal_uart.o
                0x0000000008007a64                UART_Start_Receive_IT
 .text.UART_Start_Receive_DMA
                0x0000000008007bf8      0x14c ./Drivers/STM32L4xx_HAL_Driver/Src/stm32l4xx_hal_uart.o
                0x0000000008007bf8                UART_Start_Receive_DMA
 .text.UART_EndTxTransfer
                0x0000000008007d44       0x4c ./Drivers/STM32L4xx_HAL_Driver/Src/stm32l4xx_hal_uart.o
 .text.UART_EndRxTransfer
                0x0000000008007d90       0xc6 ./Drivers/STM32L4xx_HAL_Driver/Src/stm32l4xx_hal_uart.o
 .text.UART_DMAReceiveCplt
                0x0000000008007e56      0x124 ./Drivers/STM32L4xx_HAL_Driver/Src/stm32l4xx_hal_uart.o
 .text.UART_DMARxHalfCplt
                0x0000000008007f7a       0x38 ./Drivers/STM32L4xx_HAL_Driver/Src/stm32l4xx_hal_uart.o
 .text.UART_DMAError
                0x0000000008007fb2       0x7c ./Drivers/STM32L4xx_HAL_Driver/Src/stm32l4xx_hal_uart.o
 .text.UART_DMAAbortOnError
                0x000000000800802e       0x2c ./Drivers/STM32L4xx_HAL_Driver/Src/stm32l4xx_hal_uart.o
 .text.UART_TxISR_8BIT
                0x000000000800805a       0xb8 ./Drivers/STM32L4xx_HAL_Driver/Src/stm32l4xx_hal_uart.o
 .text.UART_TxISR_16BIT
                0x0000000008008112       0xc0 ./Drivers/STM32L4xx_HAL_Driver/Src/stm32l4xx_hal_uart.o
 .text.UART_EndTransmit_IT
                0x00000000080081d2       0x54 ./Drivers/STM32L4xx_HAL_Driver/Src/stm32l4xx_hal_uart.o
 .text.UART_RxISR_8BIT
                0x0000000008008226      0x160 ./Drivers/STM32L4xx_HAL_Driver/Src/stm32l4xx_hal_uart.o
 .text.UART_RxISR_16BIT
                0x0000000008008386      0x160 ./Drivers/STM32L4xx_HAL_Driver/Src/stm32l4xx_hal_uart.o
 .text.HAL_UARTEx_WakeupCallback
                0x00000000080084e6       0x14 ./Drivers/STM32L4xx_HAL_Driver/Src/stm32l4xx_hal_uart_ex.o
                0x00000000080084e6                HAL_UARTEx_WakeupCallback
 *fill*         0x00000000080084fa        0x2 
 .text.__NVIC_SetPriority
                0x00000000080084fc       0x54 ./Middlewares/Third_Party/FreeRTOS/Source/CMSIS_RTOS_V2/cmsis_os2.o
 .text.SysTick_Handler
                0x0000000008008550       0x20 ./Middlewares/Third_Party/FreeRTOS/Source/CMSIS_RTOS_V2/cmsis_os2.o
                0x0000000008008550                SysTick_Handler
 .text.SVC_Setup
                0x0000000008008570       0x12 ./Middlewares/Third_Party/FreeRTOS/Source/CMSIS_RTOS_V2/cmsis_os2.o
 *fill*         0x0000000008008582        0x2 
 .text.osKernelInitialize
                0x0000000008008584       0x48 ./Middlewares/Third_Party/FreeRTOS/Source/CMSIS_RTOS_V2/cmsis_os2.o
                0x0000000008008584                osKernelInitialize
 .text.osKernelStart
                0x00000000080085cc       0x4c ./Middlewares/Third_Party/FreeRTOS/Source/CMSIS_RTOS_V2/cmsis_os2.o
                0x00000000080085cc                osKernelStart
 .text.osThreadNew
                0x0000000008008618      0x124 ./Middlewares/Third_Party/FreeRTOS/Source/CMSIS_RTOS_V2/cmsis_os2.o
                0x0000000008008618                osThreadNew
 .text.osSemaphoreNew
                0x000000000800873c      0x112 ./Middlewares/Third_Party/FreeRTOS/Source/CMSIS_RTOS_V2/cmsis_os2.o
                0x000000000800873c                osSemaphoreNew
 *fill*         0x000000000800884e        0x2 
 .text.osSemaphoreAcquire
                0x0000000008008850       0xa4 ./Middlewares/Third_Party/FreeRTOS/Source/CMSIS_RTOS_V2/cmsis_os2.o
                0x0000000008008850                osSemaphoreAcquire
 .text.osSemaphoreRelease
                0x00000000080088f4       0x88 ./Middlewares/Third_Party/FreeRTOS/Source/CMSIS_RTOS_V2/cmsis_os2.o
                0x00000000080088f4                osSemaphoreRelease
 .text.osMessageQueueNew
                0x000000000800897c       0xe6 ./Middlewares/Third_Party/FreeRTOS/Source/CMSIS_RTOS_V2/cmsis_os2.o
                0x000000000800897c                osMessageQueueNew
 *fill*         0x0000000008008a62        0x2 
 .text.osMessageQueuePut
                0x0000000008008a64       0xc0 ./Middlewares/Third_Party/FreeRTOS/Source/CMSIS_RTOS_V2/cmsis_os2.o
                0x0000000008008a64                osMessageQueuePut
 .text.osMessageQueueGet
                0x0000000008008b24       0xbc ./Middlewares/Third_Party/FreeRTOS/Source/CMSIS_RTOS_V2/cmsis_os2.o
                0x0000000008008b24                osMessageQueueGet
 .text.vApplicationGetIdleTaskMemory
                0x0000000008008be0       0x34 ./Middlewares/Third_Party/FreeRTOS/Source/CMSIS_RTOS_V2/cmsis_os2.o
                0x0000000008008be0                vApplicationGetIdleTaskMemory
 .text.vApplicationGetTimerTaskMemory
                0x0000000008008c14       0x34 ./Middlewares/Third_Party/FreeRTOS/Source/CMSIS_RTOS_V2/cmsis_os2.o
                0x0000000008008c14                vApplicationGetTimerTaskMemory
 .text.vListInitialise
                0x0000000008008c48       0x40 ./Middlewares/Third_Party/FreeRTOS/Source/list.o
                0x0000000008008c48                vListInitialise
 .text.vListInitialiseItem
                0x0000000008008c88       0x1a ./Middlewares/Third_Party/FreeRTOS/Source/list.o
                0x0000000008008c88                vListInitialiseItem
 .text.vListInsertEnd
                0x0000000008008ca2       0x48 ./Middlewares/Third_Party/FreeRTOS/Source/list.o
                0x0000000008008ca2                vListInsertEnd
 .text.vListInsert
                0x0000000008008cea       0x72 ./Middlewares/Third_Party/FreeRTOS/Source/list.o
                0x0000000008008cea                vListInsert
 .text.uxListRemove
                0x0000000008008d5c       0x54 ./Middlewares/Third_Party/FreeRTOS/Source/list.o
                0x0000000008008d5c                uxListRemove
 .text.xQueueGenericReset
                0x0000000008008db0       0xd0 ./Middlewares/Third_Party/FreeRTOS/Source/queue.o
                0x0000000008008db0                xQueueGenericReset
 .text.xQueueGenericCreateStatic
                0x0000000008008e80       0xf0 ./Middlewares/Third_Party/FreeRTOS/Source/queue.o
                0x0000000008008e80                xQueueGenericCreateStatic
 .text.xQueueGenericCreate
                0x0000000008008f70       0x74 ./Middlewares/Third_Party/FreeRTOS/Source/queue.o
                0x0000000008008f70                xQueueGenericCreate
 .text.prvInitialiseNewQueue
                0x0000000008008fe4       0x46 ./Middlewares/Third_Party/FreeRTOS/Source/queue.o
 .text.xQueueCreateCountingSemaphoreStatic
                0x000000000800902a       0x6e ./Middlewares/Third_Party/FreeRTOS/Source/queue.o
                0x000000000800902a                xQueueCreateCountingSemaphoreStatic
 .text.xQueueCreateCountingSemaphore
                0x0000000008009098       0x66 ./Middlewares/Third_Party/FreeRTOS/Source/queue.o
                0x0000000008009098                xQueueCreateCountingSemaphore
 *fill*         0x00000000080090fe        0x2 
 .text.xQueueGenericSend
                0x0000000008009100      0x1fc ./Middlewares/Third_Party/FreeRTOS/Source/queue.o
                0x0000000008009100                xQueueGenericSend
 .text.xQueueGenericSendFromISR
                0x00000000080092fc      0x136 ./Middlewares/Third_Party/FreeRTOS/Source/queue.o
                0x00000000080092fc                xQueueGenericSendFromISR
 .text.xQueueGiveFromISR
                0x0000000008009432      0x11a ./Middlewares/Third_Party/FreeRTOS/Source/queue.o
                0x0000000008009432                xQueueGiveFromISR
 .text.xQueueReceive
                0x000000000800954c      0x1c0 ./Middlewares/Third_Party/FreeRTOS/Source/queue.o
                0x000000000800954c                xQueueReceive
 .text.xQueueSemaphoreTake
                0x000000000800970c      0x218 ./Middlewares/Third_Party/FreeRTOS/Source/queue.o
                0x000000000800970c                xQueueSemaphoreTake
 .text.xQueueReceiveFromISR
                0x0000000008009924      0x100 ./Middlewares/Third_Party/FreeRTOS/Source/queue.o
                0x0000000008009924                xQueueReceiveFromISR
 .text.vQueueDelete
                0x0000000008009a24       0x46 ./Middlewares/Third_Party/FreeRTOS/Source/queue.o
                0x0000000008009a24                vQueueDelete
 .text.prvGetDisinheritPriorityAfterTimeout
                0x0000000008009a6a       0x30 ./Middlewares/Third_Party/FreeRTOS/Source/queue.o
 .text.prvCopyDataToQueue
                0x0000000008009a9a       0xd4 ./Middlewares/Third_Party/FreeRTOS/Source/queue.o
 .text.prvCopyDataFromQueue
                0x0000000008009b6e       0x4c ./Middlewares/Third_Party/FreeRTOS/Source/queue.o
 .text.prvUnlockQueue
                0x0000000008009bba       0xa4 ./Middlewares/Third_Party/FreeRTOS/Source/queue.o
 .text.prvIsQueueEmpty
                0x0000000008009c5e       0x2c ./Middlewares/Third_Party/FreeRTOS/Source/queue.o
 .text.prvIsQueueFull
                0x0000000008009c8a       0x30 ./Middlewares/Third_Party/FreeRTOS/Source/queue.o
 *fill*         0x0000000008009cba        0x2 
 .text.vQueueAddToRegistry
                0x0000000008009cbc       0x54 ./Middlewares/Third_Party/FreeRTOS/Source/queue.o
                0x0000000008009cbc                vQueueAddToRegistry
 .text.vQueueUnregisterQueue
                0x0000000008009d10       0x54 ./Middlewares/Third_Party/FreeRTOS/Source/queue.o
                0x0000000008009d10                vQueueUnregisterQueue
 .text.vQueueWaitForMessageRestricted
                0x0000000008009d64       0x68 ./Middlewares/Third_Party/FreeRTOS/Source/queue.o
                0x0000000008009d64                vQueueWaitForMessageRestricted
 .text.xTaskCreateStatic
                0x0000000008009dcc       0xba ./Middlewares/Third_Party/FreeRTOS/Source/tasks.o
                0x0000000008009dcc                xTaskCreateStatic
 .text.xTaskCreate
                0x0000000008009e86       0x8a ./Middlewares/Third_Party/FreeRTOS/Source/tasks.o
                0x0000000008009e86                xTaskCreate
 .text.prvInitialiseNewTask
                0x0000000008009f10      0x11e ./Middlewares/Third_Party/FreeRTOS/Source/tasks.o
 *fill*         0x000000000800a02e        0x2 
 .text.prvAddNewTaskToReadyList
                0x000000000800a030       0xe0 ./Middlewares/Third_Party/FreeRTOS/Source/tasks.o
 .text.vTaskStartScheduler
                0x000000000800a110       0xcc ./Middlewares/Third_Party/FreeRTOS/Source/tasks.o
                0x000000000800a110                vTaskStartScheduler
 .text.vTaskSuspendAll
                0x000000000800a1dc       0x1c ./Middlewares/Third_Party/FreeRTOS/Source/tasks.o
                0x000000000800a1dc                vTaskSuspendAll
 .text.xTaskResumeAll
                0x000000000800a1f8      0x13c ./Middlewares/Third_Party/FreeRTOS/Source/tasks.o
                0x000000000800a1f8                xTaskResumeAll
 .text.xTaskGetTickCount
                0x000000000800a334       0x20 ./Middlewares/Third_Party/FreeRTOS/Source/tasks.o
                0x000000000800a334                xTaskGetTickCount
 .text.xTaskIncrementTick
                0x000000000800a354      0x174 ./Middlewares/Third_Party/FreeRTOS/Source/tasks.o
                0x000000000800a354                xTaskIncrementTick
 .text.vTaskSwitchContext
                0x000000000800a4c8       0xbc ./Middlewares/Third_Party/FreeRTOS/Source/tasks.o
                0x000000000800a4c8                vTaskSwitchContext
 .text.vTaskPlaceOnEventList
                0x000000000800a584       0x48 ./Middlewares/Third_Party/FreeRTOS/Source/tasks.o
                0x000000000800a584                vTaskPlaceOnEventList
 .text.vTaskPlaceOnEventListRestricted
                0x000000000800a5cc       0x58 ./Middlewares/Third_Party/FreeRTOS/Source/tasks.o
                0x000000000800a5cc                vTaskPlaceOnEventListRestricted
 .text.xTaskRemoveFromEventList
                0x000000000800a624       0xc8 ./Middlewares/Third_Party/FreeRTOS/Source/tasks.o
                0x000000000800a624                xTaskRemoveFromEventList
 .text.vTaskInternalSetTimeOutState
                0x000000000800a6ec       0x2c ./Middlewares/Third_Party/FreeRTOS/Source/tasks.o
                0x000000000800a6ec                vTaskInternalSetTimeOutState
 .text.xTaskCheckForTimeOut
                0x000000000800a718       0xc4 ./Middlewares/Third_Party/FreeRTOS/Source/tasks.o
                0x000000000800a718                xTaskCheckForTimeOut
 .text.vTaskMissedYield
                0x000000000800a7dc       0x18 ./Middlewares/Third_Party/FreeRTOS/Source/tasks.o
                0x000000000800a7dc                vTaskMissedYield
 .text.prvIdleTask
                0x000000000800a7f4       0x30 ./Middlewares/Third_Party/FreeRTOS/Source/tasks.o
 .text.prvInitialiseTaskLists
                0x000000000800a824       0x80 ./Middlewares/Third_Party/FreeRTOS/Source/tasks.o
 .text.prvCheckTasksWaitingTermination
                0x000000000800a8a4       0x5c ./Middlewares/Third_Party/FreeRTOS/Source/tasks.o
 .text.prvDeleteTCB
                0x000000000800a900       0x5e ./Middlewares/Third_Party/FreeRTOS/Source/tasks.o
 *fill*         0x000000000800a95e        0x2 
 .text.prvResetNextTaskUnblockTime
                0x000000000800a960       0x40 ./Middlewares/Third_Party/FreeRTOS/Source/tasks.o
 .text.xTaskGetSchedulerState
                0x000000000800a9a0       0x3c ./Middlewares/Third_Party/FreeRTOS/Source/tasks.o
                0x000000000800a9a0                xTaskGetSchedulerState
 .text.xTaskPriorityInherit
                0x000000000800a9dc       0xd0 ./Middlewares/Third_Party/FreeRTOS/Source/tasks.o
                0x000000000800a9dc                xTaskPriorityInherit
 .text.xTaskPriorityDisinherit
                0x000000000800aaac       0xdc ./Middlewares/Third_Party/FreeRTOS/Source/tasks.o
                0x000000000800aaac                xTaskPriorityDisinherit
 .text.vTaskPriorityDisinheritAfterTimeout
                0x000000000800ab88      0x104 ./Middlewares/Third_Party/FreeRTOS/Source/tasks.o
                0x000000000800ab88                vTaskPriorityDisinheritAfterTimeout
 .text.pvTaskIncrementMutexHeldCount
                0x000000000800ac8c       0x28 ./Middlewares/Third_Party/FreeRTOS/Source/tasks.o
                0x000000000800ac8c                pvTaskIncrementMutexHeldCount
 .text.prvAddCurrentTaskToDelayedList
                0x000000000800acb4       0xa8 ./Middlewares/Third_Party/FreeRTOS/Source/tasks.o
 .text.xTimerCreateTimerTask
                0x000000000800ad5c       0x90 ./Middlewares/Third_Party/FreeRTOS/Source/timers.o
                0x000000000800ad5c                xTimerCreateTimerTask
 .text.xTimerGenericCommand
                0x000000000800adec       0x9c ./Middlewares/Third_Party/FreeRTOS/Source/timers.o
                0x000000000800adec                xTimerGenericCommand
 .text.prvProcessExpiredTimer
                0x000000000800ae88       0x98 ./Middlewares/Third_Party/FreeRTOS/Source/timers.o
 .text.prvTimerTask
                0x000000000800af20       0x24 ./Middlewares/Third_Party/FreeRTOS/Source/timers.o
 .text.prvProcessTimerOrBlockTask
                0x000000000800af44       0x9c ./Middlewares/Third_Party/FreeRTOS/Source/timers.o
 .text.prvGetNextExpireTime
                0x000000000800afe0       0x48 ./Middlewares/Third_Party/FreeRTOS/Source/timers.o
 .text.prvSampleTimeNow
                0x000000000800b028       0x40 ./Middlewares/Third_Party/FreeRTOS/Source/timers.o
 .text.prvInsertTimerInActiveList
                0x000000000800b068       0x84 ./Middlewares/Third_Party/FreeRTOS/Source/timers.o
 .text.prvProcessReceivedCommands
                0x000000000800b0ec      0x1c4 ./Middlewares/Third_Party/FreeRTOS/Source/timers.o
 .text.prvSwitchTimerLists
                0x000000000800b2b0       0xc8 ./Middlewares/Third_Party/FreeRTOS/Source/timers.o
 .text.prvCheckForValidListAndQueue
                0x000000000800b378       0x80 ./Middlewares/Third_Party/FreeRTOS/Source/timers.o
 .text.pxPortInitialiseStack
                0x000000000800b3f8       0x68 ./Middlewares/Third_Party/FreeRTOS/Source/portable/GCC/ARM_CM4F/port.o
                0x000000000800b3f8                pxPortInitialiseStack
 .text.prvTaskExitError
                0x000000000800b460       0x58 ./Middlewares/Third_Party/FreeRTOS/Source/portable/GCC/ARM_CM4F/port.o
 *fill*         0x000000000800b4b8        0x8 
 .text.SVC_Handler
                0x000000000800b4c0       0x28 ./Middlewares/Third_Party/FreeRTOS/Source/portable/GCC/ARM_CM4F/port.o
                0x000000000800b4c0                SVC_Handler
 .text.prvPortStartFirstTask
                0x000000000800b4e8       0x28 ./Middlewares/Third_Party/FreeRTOS/Source/portable/GCC/ARM_CM4F/port.o
 .text.xPortStartScheduler
                0x000000000800b510      0x144 ./Middlewares/Third_Party/FreeRTOS/Source/portable/GCC/ARM_CM4F/port.o
                0x000000000800b510                xPortStartScheduler
 .text.vPortEnterCritical
                0x000000000800b654       0x60 ./Middlewares/Third_Party/FreeRTOS/Source/portable/GCC/ARM_CM4F/port.o
                0x000000000800b654                vPortEnterCritical
 .text.vPortExitCritical
                0x000000000800b6b4       0x54 ./Middlewares/Third_Party/FreeRTOS/Source/portable/GCC/ARM_CM4F/port.o
                0x000000000800b6b4                vPortExitCritical
 *fill*         0x000000000800b708        0x8 
 .text.PendSV_Handler
                0x000000000800b710       0x68 ./Middlewares/Third_Party/FreeRTOS/Source/portable/GCC/ARM_CM4F/port.o
                0x000000000800b710                PendSV_Handler
 .text.xPortSysTickHandler
                0x000000000800b778       0x44 ./Middlewares/Third_Party/FreeRTOS/Source/portable/GCC/ARM_CM4F/port.o
                0x000000000800b778                xPortSysTickHandler
 .text.vPortSetupTimerInterrupt
                0x000000000800b7bc       0x48 ./Middlewares/Third_Party/FreeRTOS/Source/portable/GCC/ARM_CM4F/port.o
                0x000000000800b7bc                vPortSetupTimerInterrupt
 .text.vPortEnableVFP
                0x000000000800b804       0x14 ./Middlewares/Third_Party/FreeRTOS/Source/portable/GCC/ARM_CM4F/port.o
 .text.vPortValidateInterruptPriority
                0x000000000800b818       0x80 ./Middlewares/Third_Party/FreeRTOS/Source/portable/GCC/ARM_CM4F/port.o
                0x000000000800b818                vPortValidateInterruptPriority
 .text.pvPortMalloc
                0x000000000800b898      0x198 ./Middlewares/Third_Party/FreeRTOS/Source/portable/MemMang/heap_4.o
                0x000000000800b898                pvPortMalloc
 .text.vPortFree
                0x000000000800ba30       0xc4 ./Middlewares/Third_Party/FreeRTOS/Source/portable/MemMang/heap_4.o
                0x000000000800ba30                vPortFree
 .text.prvHeapInit
                0x000000000800baf4       0xc4 ./Middlewares/Third_Party/FreeRTOS/Source/portable/MemMang/heap_4.o
 .text.prvInsertBlockIntoFreeList
                0x000000000800bbb8       0xb4 ./Middlewares/Third_Party/FreeRTOS/Source/portable/MemMang/heap_4.o
 .text.__errno  0x000000000800bc6c        0xc d:/stm32cubeide_1.9.0/stm32cubeide/plugins/com.st.stm32cube.ide.mcu.externaltools.gnu-tools-for-stm32.10.3-2021.10.win32_1.0.0.202111181127/tools/bin/../lib/gcc/arm-none-eabi/10.3.1/../../../../arm-none-eabi/lib/thumb/v7e-m+fp/hard\libc_nano.a(lib_a-errno.o)
                0x000000000800bc6c                __errno
 .text.__libc_init_array
                0x000000000800bc78       0x48 d:/stm32cubeide_1.9.0/stm32cubeide/plugins/com.st.stm32cube.ide.mcu.externaltools.gnu-tools-for-stm32.10.3-2021.10.win32_1.0.0.202111181127/tools/bin/../lib/gcc/arm-none-eabi/10.3.1/../../../../arm-none-eabi/lib/thumb/v7e-m+fp/hard\libc_nano.a(lib_a-init.o)
                0x000000000800bc78                __libc_init_array
 .text.memcpy   0x000000000800bcc0       0x1c d:/stm32cubeide_1.9.0/stm32cubeide/plugins/com.st.stm32cube.ide.mcu.externaltools.gnu-tools-for-stm32.10.3-2021.10.win32_1.0.0.202111181127/tools/bin/../lib/gcc/arm-none-eabi/10.3.1/../../../../arm-none-eabi/lib/thumb/v7e-m+fp/hard\libc_nano.a(lib_a-memcpy-stub.o)
                0x000000000800bcc0                memcpy
 .text.memset   0x000000000800bcdc       0x10 d:/stm32cubeide_1.9.0/stm32cubeide/plugins/com.st.stm32cube.ide.mcu.externaltools.gnu-tools-for-stm32.10.3-2021.10.win32_1.0.0.202111181127/tools/bin/../lib/gcc/arm-none-eabi/10.3.1/../../../../arm-none-eabi/lib/thumb/v7e-m+fp/hard\libc_nano.a(lib_a-memset.o)
                0x000000000800bcdc                memset
 .text.validate_structure
                0x000000000800bcec      0x1b0 d:/stm32cubeide_1.9.0/stm32cubeide/plugins/com.st.stm32cube.ide.mcu.externaltools.gnu-tools-for-stm32.10.3-2021.10.win32_1.0.0.202111181127/tools/bin/../lib/gcc/arm-none-eabi/10.3.1/../../../../arm-none-eabi/lib/thumb/v7e-m+fp/hard\libc_nano.a(lib_a-mktime.o)
 .text.mktime   0x000000000800be9c      0x334 d:/stm32cubeide_1.9.0/stm32cubeide/plugins/com.st.stm32cube.ide.mcu.externaltools.gnu-tools-for-stm32.10.3-2021.10.win32_1.0.0.202111181127/tools/bin/../lib/gcc/arm-none-eabi/10.3.1/../../../../arm-none-eabi/lib/thumb/v7e-m+fp/hard\libc_nano.a(lib_a-mktime.o)
                0x000000000800be9c                mktime
 .text.__cvt    0x000000000800c1d0       0xc4 d:/stm32cubeide_1.9.0/stm32cubeide/plugins/com.st.stm32cube.ide.mcu.externaltools.gnu-tools-for-stm32.10.3-2021.10.win32_1.0.0.202111181127/tools/bin/../lib/gcc/arm-none-eabi/10.3.1/../../../../arm-none-eabi/lib/thumb/v7e-m+fp/hard\libc_nano.a(lib_a-nano-vfprintf_float.o)
                0x000000000800c1d0                __cvt
 .text.__exponent
                0x000000000800c294       0x7c d:/stm32cubeide_1.9.0/stm32cubeide/plugins/com.st.stm32cube.ide.mcu.externaltools.gnu-tools-for-stm32.10.3-2021.10.win32_1.0.0.202111181127/tools/bin/../lib/gcc/arm-none-eabi/10.3.1/../../../../arm-none-eabi/lib/thumb/v7e-m+fp/hard\libc_nano.a(lib_a-nano-vfprintf_float.o)
                0x000000000800c294                __exponent
 .text._printf_float
                0x000000000800c310      0x46c d:/stm32cubeide_1.9.0/stm32cubeide/plugins/com.st.stm32cube.ide.mcu.externaltools.gnu-tools-for-stm32.10.3-2021.10.win32_1.0.0.202111181127/tools/bin/../lib/gcc/arm-none-eabi/10.3.1/../../../../arm-none-eabi/lib/thumb/v7e-m+fp/hard\libc_nano.a(lib_a-nano-vfprintf_float.o)
                0x000000000800c310                _printf_float
 .text._printf_common
                0x000000000800c77c       0xda d:/stm32cubeide_1.9.0/stm32cubeide/plugins/com.st.stm32cube.ide.mcu.externaltools.gnu-tools-for-stm32.10.3-2021.10.win32_1.0.0.202111181127/tools/bin/../lib/gcc/arm-none-eabi/10.3.1/../../../../arm-none-eabi/lib/thumb/v7e-m+fp/hard\libc_nano.a(lib_a-nano-vfprintf_i.o)
                0x000000000800c77c                _printf_common
 *fill*         0x000000000800c856        0x2 
 .text._printf_i
                0x000000000800c858      0x24c d:/stm32cubeide_1.9.0/stm32cubeide/plugins/com.st.stm32cube.ide.mcu.externaltools.gnu-tools-for-stm32.10.3-2021.10.win32_1.0.0.202111181127/tools/bin/../lib/gcc/arm-none-eabi/10.3.1/../../../../arm-none-eabi/lib/thumb/v7e-m+fp/hard\libc_nano.a(lib_a-nano-vfprintf_i.o)
                0x000000000800c858                _printf_i
 .text._scanf_float
                0x000000000800caa4      0x420 d:/stm32cubeide_1.9.0/stm32cubeide/plugins/com.st.stm32cube.ide.mcu.externaltools.gnu-tools-for-stm32.10.3-2021.10.win32_1.0.0.202111181127/tools/bin/../lib/gcc/arm-none-eabi/10.3.1/../../../../arm-none-eabi/lib/thumb/v7e-m+fp/hard\libc_nano.a(lib_a-nano-vfscanf_float.o)
                0x000000000800caa4                _scanf_float
 .text.nanf     0x000000000800cec4        0xc d:/stm32cubeide_1.9.0/stm32cubeide/plugins/com.st.stm32cube.ide.mcu.externaltools.gnu-tools-for-stm32.10.3-2021.10.win32_1.0.0.202111181127/tools/bin/../lib/gcc/arm-none-eabi/10.3.1/../../../../arm-none-eabi/lib/thumb/v7e-m+fp/hard\libc_nano.a(lib_a-sf_nan.o)
                0x000000000800cec4                nanf
 .text.sprintf  0x000000000800ced0       0x40 d:/stm32cubeide_1.9.0/stm32cubeide/plugins/com.st.stm32cube.ide.mcu.externaltools.gnu-tools-for-stm32.10.3-2021.10.win32_1.0.0.202111181127/tools/bin/../lib/gcc/arm-none-eabi/10.3.1/../../../../arm-none-eabi/lib/thumb/v7e-m+fp/hard\libc_nano.a(lib_a-sprintf.o)
                0x000000000800ced0                siprintf
                0x000000000800ced0                sprintf
 .text.sscanf   0x000000000800cf10       0x58 d:/stm32cubeide_1.9.0/stm32cubeide/plugins/com.st.stm32cube.ide.mcu.externaltools.gnu-tools-for-stm32.10.3-2021.10.win32_1.0.0.202111181127/tools/bin/../lib/gcc/arm-none-eabi/10.3.1/../../../../arm-none-eabi/lib/thumb/v7e-m+fp/hard\libc_nano.a(lib_a-sscanf.o)
                0x000000000800cf10                siscanf
                0x000000000800cf10                sscanf
 .text.__sread  0x000000000800cf68       0x22 d:/stm32cubeide_1.9.0/stm32cubeide/plugins/com.st.stm32cube.ide.mcu.externaltools.gnu-tools-for-stm32.10.3-2021.10.win32_1.0.0.202111181127/tools/bin/../lib/gcc/arm-none-eabi/10.3.1/../../../../arm-none-eabi/lib/thumb/v7e-m+fp/hard\libc_nano.a(lib_a-stdio.o)
                0x000000000800cf68                __sread
 .text.__seofread
                0x000000000800cf8a        0x4 d:/stm32cubeide_1.9.0/stm32cubeide/plugins/com.st.stm32cube.ide.mcu.externaltools.gnu-tools-for-stm32.10.3-2021.10.win32_1.0.0.202111181127/tools/bin/../lib/gcc/arm-none-eabi/10.3.1/../../../../arm-none-eabi/lib/thumb/v7e-m+fp/hard\libc_nano.a(lib_a-stdio.o)
                0x000000000800cf8a                __seofread
 .text.__swrite
                0x000000000800cf8e       0x38 d:/stm32cubeide_1.9.0/stm32cubeide/plugins/com.st.stm32cube.ide.mcu.externaltools.gnu-tools-for-stm32.10.3-2021.10.win32_1.0.0.202111181127/tools/bin/../lib/gcc/arm-none-eabi/10.3.1/../../../../arm-none-eabi/lib/thumb/v7e-m+fp/hard\libc_nano.a(lib_a-stdio.o)
                0x000000000800cf8e                __swrite
 .text.__sseek  0x000000000800cfc6       0x24 d:/stm32cubeide_1.9.0/stm32cubeide/plugins/com.st.stm32cube.ide.mcu.externaltools.gnu-tools-for-stm32.10.3-2021.10.win32_1.0.0.202111181127/tools/bin/../lib/gcc/arm-none-eabi/10.3.1/../../../../arm-none-eabi/lib/thumb/v7e-m+fp/hard\libc_nano.a(lib_a-stdio.o)
                0x000000000800cfc6                __sseek
 .text.__sclose
                0x000000000800cfea        0x8 d:/stm32cubeide_1.9.0/stm32cubeide/plugins/com.st.stm32cube.ide.mcu.externaltools.gnu-tools-for-stm32.10.3-2021.10.win32_1.0.0.202111181127/tools/bin/../lib/gcc/arm-none-eabi/10.3.1/../../../../arm-none-eabi/lib/thumb/v7e-m+fp/hard\libc_nano.a(lib_a-stdio.o)
                0x000000000800cfea                __sclose
 .text.strchr   0x000000000800cff2       0x1a d:/stm32cubeide_1.9.0/stm32cubeide/plugins/com.st.stm32cube.ide.mcu.externaltools.gnu-tools-for-stm32.10.3-2021.10.win32_1.0.0.202111181127/tools/bin/../lib/gcc/arm-none-eabi/10.3.1/../../../../arm-none-eabi/lib/thumb/v7e-m+fp/hard\libc_nano.a(lib_a-strchr.o)
                0x000000000800cff2                strchr
 .text.strcpy   0x000000000800d00c       0x10 d:/stm32cubeide_1.9.0/stm32cubeide/plugins/com.st.stm32cube.ide.mcu.externaltools.gnu-tools-for-stm32.10.3-2021.10.win32_1.0.0.202111181127/tools/bin/../lib/gcc/arm-none-eabi/10.3.1/../../../../arm-none-eabi/lib/thumb/v7e-m+fp/hard\libc_nano.a(lib_a-strcpy.o)
                0x000000000800d00c                strcpy
 .text.strstr   0x000000000800d01c       0x2c d:/stm32cubeide_1.9.0/stm32cubeide/plugins/com.st.stm32cube.ide.mcu.externaltools.gnu-tools-for-stm32.10.3-2021.10.win32_1.0.0.202111181127/tools/bin/../lib/gcc/arm-none-eabi/10.3.1/../../../../arm-none-eabi/lib/thumb/v7e-m+fp/hard\libc_nano.a(lib_a-strstr.o)
                0x000000000800d01c                strstr
 .text.sulp     0x000000000800d048       0x38 d:/stm32cubeide_1.9.0/stm32cubeide/plugins/com.st.stm32cube.ide.mcu.externaltools.gnu-tools-for-stm32.10.3-2021.10.win32_1.0.0.202111181127/tools/bin/../lib/gcc/arm-none-eabi/10.3.1/../../../../arm-none-eabi/lib/thumb/v7e-m+fp/hard\libc_nano.a(lib_a-strtod.o)
 .text._strtod_l
                0x000000000800d080      0xc0c d:/stm32cubeide_1.9.0/stm32cubeide/plugins/com.st.stm32cube.ide.mcu.externaltools.gnu-tools-for-stm32.10.3-2021.10.win32_1.0.0.202111181127/tools/bin/../lib/gcc/arm-none-eabi/10.3.1/../../../../arm-none-eabi/lib/thumb/v7e-m+fp/hard\libc_nano.a(lib_a-strtod.o)
                0x000000000800d080                _strtod_l
 .text._strtod_r
                0x000000000800dc8c        0xc d:/stm32cubeide_1.9.0/stm32cubeide/plugins/com.st.stm32cube.ide.mcu.externaltools.gnu-tools-for-stm32.10.3-2021.10.win32_1.0.0.202111181127/tools/bin/../lib/gcc/arm-none-eabi/10.3.1/../../../../arm-none-eabi/lib/thumb/v7e-m+fp/hard\libc_nano.a(lib_a-strtod.o)
                0x000000000800dc8c                _strtod_r
 .text._strtol_l.constprop.0
                0x000000000800dc98      0x104 d:/stm32cubeide_1.9.0/stm32cubeide/plugins/com.st.stm32cube.ide.mcu.externaltools.gnu-tools-for-stm32.10.3-2021.10.win32_1.0.0.202111181127/tools/bin/../lib/gcc/arm-none-eabi/10.3.1/../../../../arm-none-eabi/lib/thumb/v7e-m+fp/hard\libc_nano.a(lib_a-strtol.o)
 .text._strtol_r
                0x000000000800dd9c        0x4 d:/stm32cubeide_1.9.0/stm32cubeide/plugins/com.st.stm32cube.ide.mcu.externaltools.gnu-tools-for-stm32.10.3-2021.10.win32_1.0.0.202111181127/tools/bin/../lib/gcc/arm-none-eabi/10.3.1/../../../../arm-none-eabi/lib/thumb/v7e-m+fp/hard\libc_nano.a(lib_a-strtol.o)
                0x000000000800dd9c                _strtol_r
 .text.strtol   0x000000000800dda0       0x14 d:/stm32cubeide_1.9.0/stm32cubeide/plugins/com.st.stm32cube.ide.mcu.externaltools.gnu-tools-for-stm32.10.3-2021.10.win32_1.0.0.202111181127/tools/bin/../lib/gcc/arm-none-eabi/10.3.1/../../../../arm-none-eabi/lib/thumb/v7e-m+fp/hard\libc_nano.a(lib_a-strtol.o)
                0x000000000800dda0                strtol
 .text._strtoul_l.constprop.0
                0x000000000800ddb4       0xe4 d:/stm32cubeide_1.9.0/stm32cubeide/plugins/com.st.stm32cube.ide.mcu.externaltools.gnu-tools-for-stm32.10.3-2021.10.win32_1.0.0.202111181127/tools/bin/../lib/gcc/arm-none-eabi/10.3.1/../../../../arm-none-eabi/lib/thumb/v7e-m+fp/hard\libc_nano.a(lib_a-strtoul.o)
 .text._strtoul_r
                0x000000000800de98        0x4 d:/stm32cubeide_1.9.0/stm32cubeide/plugins/com.st.stm32cube.ide.mcu.externaltools.gnu-tools-for-stm32.10.3-2021.10.win32_1.0.0.202111181127/tools/bin/../lib/gcc/arm-none-eabi/10.3.1/../../../../arm-none-eabi/lib/thumb/v7e-m+fp/hard\libc_nano.a(lib_a-strtoul.o)
                0x000000000800de98                _strtoul_r
 .text.strtoul  0x000000000800de9c       0x14 d:/stm32cubeide_1.9.0/stm32cubeide/plugins/com.st.stm32cube.ide.mcu.externaltools.gnu-tools-for-stm32.10.3-2021.10.win32_1.0.0.202111181127/tools/bin/../lib/gcc/arm-none-eabi/10.3.1/../../../../arm-none-eabi/lib/thumb/v7e-m+fp/hard\libc_nano.a(lib_a-strtoul.o)
                0x000000000800de9c                strtoul
 .text.__tzcalc_limits
                0x000000000800deb0      0x154 d:/stm32cubeide_1.9.0/stm32cubeide/plugins/com.st.stm32cube.ide.mcu.externaltools.gnu-tools-for-stm32.10.3-2021.10.win32_1.0.0.202111181127/tools/bin/../lib/gcc/arm-none-eabi/10.3.1/../../../../arm-none-eabi/lib/thumb/v7e-m+fp/hard\libc_nano.a(lib_a-tzcalc_limits.o)
                0x000000000800deb0                __tzcalc_limits
 .text.__tz_lock
                0x000000000800e004        0xc d:/stm32cubeide_1.9.0/stm32cubeide/plugins/com.st.stm32cube.ide.mcu.externaltools.gnu-tools-for-stm32.10.3-2021.10.win32_1.0.0.202111181127/tools/bin/../lib/gcc/arm-none-eabi/10.3.1/../../../../arm-none-eabi/lib/thumb/v7e-m+fp/hard\libc_nano.a(lib_a-tzlock.o)
                0x000000000800e004                __tz_lock
 .text.__tz_unlock
                0x000000000800e010        0xc d:/stm32cubeide_1.9.0/stm32cubeide/plugins/com.st.stm32cube.ide.mcu.externaltools.gnu-tools-for-stm32.10.3-2021.10.win32_1.0.0.202111181127/tools/bin/../lib/gcc/arm-none-eabi/10.3.1/../../../../arm-none-eabi/lib/thumb/v7e-m+fp/hard\libc_nano.a(lib_a-tzlock.o)
                0x000000000800e010                __tz_unlock
 .text._tzset_unlocked
                0x000000000800e01c        0xc d:/stm32cubeide_1.9.0/stm32cubeide/plugins/com.st.stm32cube.ide.mcu.externaltools.gnu-tools-for-stm32.10.3-2021.10.win32_1.0.0.202111181127/tools/bin/../lib/gcc/arm-none-eabi/10.3.1/../../../../arm-none-eabi/lib/thumb/v7e-m+fp/hard\libc_nano.a(lib_a-tzset.o)
                0x000000000800e01c                _tzset_unlocked
 .text._tzset_unlocked_r
                0x000000000800e028      0x300 d:/stm32cubeide_1.9.0/stm32cubeide/plugins/com.st.stm32cube.ide.mcu.externaltools.gnu-tools-for-stm32.10.3-2021.10.win32_1.0.0.202111181127/tools/bin/../lib/gcc/arm-none-eabi/10.3.1/../../../../arm-none-eabi/lib/thumb/v7e-m+fp/hard\libc_nano.a(lib_a-tzset_r.o)
                0x000000000800e028                _tzset_unlocked_r
 .text._write_r
                0x000000000800e328       0x24 d:/stm32cubeide_1.9.0/stm32cubeide/plugins/com.st.stm32cube.ide.mcu.externaltools.gnu-tools-for-stm32.10.3-2021.10.win32_1.0.0.202111181127/tools/bin/../lib/gcc/arm-none-eabi/10.3.1/../../../../arm-none-eabi/lib/thumb/v7e-m+fp/hard\libc_nano.a(lib_a-writer.o)
                0x000000000800e328                _write_r
 .text._close_r
                0x000000000800e34c       0x20 d:/stm32cubeide_1.9.0/stm32cubeide/plugins/com.st.stm32cube.ide.mcu.externaltools.gnu-tools-for-stm32.10.3-2021.10.win32_1.0.0.202111181127/tools/bin/../lib/gcc/arm-none-eabi/10.3.1/../../../../arm-none-eabi/lib/thumb/v7e-m+fp/hard\libc_nano.a(lib_a-closer.o)
                0x000000000800e34c                _close_r
 .text.div      0x000000000800e36c       0x28 d:/stm32cubeide_1.9.0/stm32cubeide/plugins/com.st.stm32cube.ide.mcu.externaltools.gnu-tools-for-stm32.10.3-2021.10.win32_1.0.0.202111181127/tools/bin/../lib/gcc/arm-none-eabi/10.3.1/../../../../arm-none-eabi/lib/thumb/v7e-m+fp/hard\libc_nano.a(lib_a-div.o)
                0x000000000800e36c                div
 .text.quorem   0x000000000800e394      0x116 d:/stm32cubeide_1.9.0/stm32cubeide/plugins/com.st.stm32cube.ide.mcu.externaltools.gnu-tools-for-stm32.10.3-2021.10.win32_1.0.0.202111181127/tools/bin/../lib/gcc/arm-none-eabi/10.3.1/../../../../arm-none-eabi/lib/thumb/v7e-m+fp/hard\libc_nano.a(lib_a-dtoa.o)
 *fill*         0x000000000800e4aa        0x6 
 .text._dtoa_r  0x000000000800e4b0      0xbdc d:/stm32cubeide_1.9.0/stm32cubeide/plugins/com.st.stm32cube.ide.mcu.externaltools.gnu-tools-for-stm32.10.3-2021.10.win32_1.0.0.202111181127/tools/bin/../lib/gcc/arm-none-eabi/10.3.1/../../../../arm-none-eabi/lib/thumb/v7e-m+fp/hard\libc_nano.a(lib_a-dtoa.o)
                0x000000000800e4b0                _dtoa_r
 .text.rshift   0x000000000800f08c       0xa4 d:/stm32cubeide_1.9.0/stm32cubeide/plugins/com.st.stm32cube.ide.mcu.externaltools.gnu-tools-for-stm32.10.3-2021.10.win32_1.0.0.202111181127/tools/bin/../lib/gcc/arm-none-eabi/10.3.1/../../../../arm-none-eabi/lib/thumb/v7e-m+fp/hard\libc_nano.a(lib_a-gdtoa-gethex.o)
 .text.__hexdig_fun
                0x000000000800f130       0x2a d:/stm32cubeide_1.9.0/stm32cubeide/plugins/com.st.stm32cube.ide.mcu.externaltools.gnu-tools-for-stm32.10.3-2021.10.win32_1.0.0.202111181127/tools/bin/../lib/gcc/arm-none-eabi/10.3.1/../../../../arm-none-eabi/lib/thumb/v7e-m+fp/hard\libc_nano.a(lib_a-gdtoa-gethex.o)
                0x000000000800f130                __hexdig_fun
 *fill*         0x000000000800f15a        0x2 
 .text.__gethex
                0x000000000800f15c      0x48c d:/stm32cubeide_1.9.0/stm32cubeide/plugins/com.st.stm32cube.ide.mcu.externaltools.gnu-tools-for-stm32.10.3-2021.10.win32_1.0.0.202111181127/tools/bin/../lib/gcc/arm-none-eabi/10.3.1/../../../../arm-none-eabi/lib/thumb/v7e-m+fp/hard\libc_nano.a(lib_a-gdtoa-gethex.o)
                0x000000000800f15c                __gethex
 .text.L_shift  0x000000000800f5e8       0x24 d:/stm32cubeide_1.9.0/stm32cubeide/plugins/com.st.stm32cube.ide.mcu.externaltools.gnu-tools-for-stm32.10.3-2021.10.win32_1.0.0.202111181127/tools/bin/../lib/gcc/arm-none-eabi/10.3.1/../../../../arm-none-eabi/lib/thumb/v7e-m+fp/hard\libc_nano.a(lib_a-gdtoa-hexnan.o)
 .text.__match  0x000000000800f60c       0x28 d:/stm32cubeide_1.9.0/stm32cubeide/plugins/com.st.stm32cube.ide.mcu.externaltools.gnu-tools-for-stm32.10.3-2021.10.win32_1.0.0.202111181127/tools/bin/../lib/gcc/arm-none-eabi/10.3.1/../../../../arm-none-eabi/lib/thumb/v7e-m+fp/hard\libc_nano.a(lib_a-gdtoa-hexnan.o)
                0x000000000800f60c                __match
 .text.__hexnan
                0x000000000800f634      0x138 d:/stm32cubeide_1.9.0/stm32cubeide/plugins/com.st.stm32cube.ide.mcu.externaltools.gnu-tools-for-stm32.10.3-2021.10.win32_1.0.0.202111181127/tools/bin/../lib/gcc/arm-none-eabi/10.3.1/../../../../arm-none-eabi/lib/thumb/v7e-m+fp/hard\libc_nano.a(lib_a-gdtoa-hexnan.o)
                0x000000000800f634                __hexnan
 .text._findenv_r
                0x000000000800f76c       0x78 d:/stm32cubeide_1.9.0/stm32cubeide/plugins/com.st.stm32cube.ide.mcu.externaltools.gnu-tools-for-stm32.10.3-2021.10.win32_1.0.0.202111181127/tools/bin/../lib/gcc/arm-none-eabi/10.3.1/../../../../arm-none-eabi/lib/thumb/v7e-m+fp/hard\libc_nano.a(lib_a-getenv_r.o)
                0x000000000800f76c                _findenv_r
 .text._getenv_r
                0x000000000800f7e4        0xe d:/stm32cubeide_1.9.0/stm32cubeide/plugins/com.st.stm32cube.ide.mcu.externaltools.gnu-tools-for-stm32.10.3-2021.10.win32_1.0.0.202111181127/tools/bin/../lib/gcc/arm-none-eabi/10.3.1/../../../../arm-none-eabi/lib/thumb/v7e-m+fp/hard\libc_nano.a(lib_a-getenv_r.o)
                0x000000000800f7e4                _getenv_r
 *fill*         0x000000000800f7f2        0x2 
 .text.__gettzinfo
                0x000000000800f7f4        0x8 d:/stm32cubeide_1.9.0/stm32cubeide/plugins/com.st.stm32cube.ide.mcu.externaltools.gnu-tools-for-stm32.10.3-2021.10.win32_1.0.0.202111181127/tools/bin/../lib/gcc/arm-none-eabi/10.3.1/../../../../arm-none-eabi/lib/thumb/v7e-m+fp/hard\libc_nano.a(lib_a-gettzinfo.o)
                0x000000000800f7f4                __gettzinfo
 .text._localeconv_r
                0x000000000800f7fc        0x8 d:/stm32cubeide_1.9.0/stm32cubeide/plugins/com.st.stm32cube.ide.mcu.externaltools.gnu-tools-for-stm32.10.3-2021.10.win32_1.0.0.202111181127/tools/bin/../lib/gcc/arm-none-eabi/10.3.1/../../../../arm-none-eabi/lib/thumb/v7e-m+fp/hard\libc_nano.a(lib_a-localeconv.o)
                0x000000000800f7fc                _localeconv_r
 .text.__retarget_lock_init_recursive
                0x000000000800f804        0x2 d:/stm32cubeide_1.9.0/stm32cubeide/plugins/com.st.stm32cube.ide.mcu.externaltools.gnu-tools-for-stm32.10.3-2021.10.win32_1.0.0.202111181127/tools/bin/../lib/gcc/arm-none-eabi/10.3.1/../../../../arm-none-eabi/lib/thumb/v7e-m+fp/hard\libc_nano.a(lib_a-lock.o)
                0x000000000800f804                __retarget_lock_init_recursive
 .text.__retarget_lock_acquire
                0x000000000800f806        0x2 d:/stm32cubeide_1.9.0/stm32cubeide/plugins/com.st.stm32cube.ide.mcu.externaltools.gnu-tools-for-stm32.10.3-2021.10.win32_1.0.0.202111181127/tools/bin/../lib/gcc/arm-none-eabi/10.3.1/../../../../arm-none-eabi/lib/thumb/v7e-m+fp/hard\libc_nano.a(lib_a-lock.o)
                0x000000000800f806                __retarget_lock_acquire
 .text.__retarget_lock_acquire_recursive
                0x000000000800f808        0x2 d:/stm32cubeide_1.9.0/stm32cubeide/plugins/com.st.stm32cube.ide.mcu.externaltools.gnu-tools-for-stm32.10.3-2021.10.win32_1.0.0.202111181127/tools/bin/../lib/gcc/arm-none-eabi/10.3.1/../../../../arm-none-eabi/lib/thumb/v7e-m+fp/hard\libc_nano.a(lib_a-lock.o)
                0x000000000800f808                __retarget_lock_acquire_recursive
 .text.__retarget_lock_release
                0x000000000800f80a        0x2 d:/stm32cubeide_1.9.0/stm32cubeide/plugins/com.st.stm32cube.ide.mcu.externaltools.gnu-tools-for-stm32.10.3-2021.10.win32_1.0.0.202111181127/tools/bin/../lib/gcc/arm-none-eabi/10.3.1/../../../../arm-none-eabi/lib/thumb/v7e-m+fp/hard\libc_nano.a(lib_a-lock.o)
                0x000000000800f80a                __retarget_lock_release
 .text.__retarget_lock_release_recursive
                0x000000000800f80c        0x2 d:/stm32cubeide_1.9.0/stm32cubeide/plugins/com.st.stm32cube.ide.mcu.externaltools.gnu-tools-for-stm32.10.3-2021.10.win32_1.0.0.202111181127/tools/bin/../lib/gcc/arm-none-eabi/10.3.1/../../../../arm-none-eabi/lib/thumb/v7e-m+fp/hard\libc_nano.a(lib_a-lock.o)
                0x000000000800f80c                __retarget_lock_release_recursive
 *fill*         0x000000000800f80e        0x2 
 .text._lseek_r
                0x000000000800f810       0x24 d:/stm32cubeide_1.9.0/stm32cubeide/plugins/com.st.stm32cube.ide.mcu.externaltools.gnu-tools-for-stm32.10.3-2021.10.win32_1.0.0.202111181127/tools/bin/../lib/gcc/arm-none-eabi/10.3.1/../../../../arm-none-eabi/lib/thumb/v7e-m+fp/hard\libc_nano.a(lib_a-lseekr.o)
                0x000000000800f810                _lseek_r
 .text.malloc   0x000000000800f834       0x10 d:/stm32cubeide_1.9.0/stm32cubeide/plugins/com.st.stm32cube.ide.mcu.externaltools.gnu-tools-for-stm32.10.3-2021.10.win32_1.0.0.202111181127/tools/bin/../lib/gcc/arm-none-eabi/10.3.1/../../../../arm-none-eabi/lib/thumb/v7e-m+fp/hard\libc_nano.a(lib_a-malloc.o)
                0x000000000800f834                malloc
 .text.free     0x000000000800f844       0x10 d:/stm32cubeide_1.9.0/stm32cubeide/plugins/com.st.stm32cube.ide.mcu.externaltools.gnu-tools-for-stm32.10.3-2021.10.win32_1.0.0.202111181127/tools/bin/../lib/gcc/arm-none-eabi/10.3.1/../../../../arm-none-eabi/lib/thumb/v7e-m+fp/hard\libc_nano.a(lib_a-malloc.o)
                0x000000000800f844                free
 .text.__ascii_mbtowc
                0x000000000800f854       0x24 d:/stm32cubeide_1.9.0/stm32cubeide/plugins/com.st.stm32cube.ide.mcu.externaltools.gnu-tools-for-stm32.10.3-2021.10.win32_1.0.0.202111181127/tools/bin/../lib/gcc/arm-none-eabi/10.3.1/../../../../arm-none-eabi/lib/thumb/v7e-m+fp/hard\libc_nano.a(lib_a-mbtowc_r.o)
                0x000000000800f854                __ascii_mbtowc
 .text._Balloc  0x000000000800f878       0x80 d:/stm32cubeide_1.9.0/stm32cubeide/plugins/com.st.stm32cube.ide.mcu.externaltools.gnu-tools-for-stm32.10.3-2021.10.win32_1.0.0.202111181127/tools/bin/../lib/gcc/arm-none-eabi/10.3.1/../../../../arm-none-eabi/lib/thumb/v7e-m+fp/hard\libc_nano.a(lib_a-mprec.o)
                0x000000000800f878                _Balloc
 .text._Bfree   0x000000000800f8f8       0x44 d:/stm32cubeide_1.9.0/stm32cubeide/plugins/com.st.stm32cube.ide.mcu.externaltools.gnu-tools-for-stm32.10.3-2021.10.win32_1.0.0.202111181127/tools/bin/../lib/gcc/arm-none-eabi/10.3.1/../../../../arm-none-eabi/lib/thumb/v7e-m+fp/hard\libc_nano.a(lib_a-mprec.o)
                0x000000000800f8f8                _Bfree
 .text.__multadd
                0x000000000800f93c       0x8c d:/stm32cubeide_1.9.0/stm32cubeide/plugins/com.st.stm32cube.ide.mcu.externaltools.gnu-tools-for-stm32.10.3-2021.10.win32_1.0.0.202111181127/tools/bin/../lib/gcc/arm-none-eabi/10.3.1/../../../../arm-none-eabi/lib/thumb/v7e-m+fp/hard\libc_nano.a(lib_a-mprec.o)
                0x000000000800f93c                __multadd
 .text.__s2b    0x000000000800f9c8       0x94 d:/stm32cubeide_1.9.0/stm32cubeide/plugins/com.st.stm32cube.ide.mcu.externaltools.gnu-tools-for-stm32.10.3-2021.10.win32_1.0.0.202111181127/tools/bin/../lib/gcc/arm-none-eabi/10.3.1/../../../../arm-none-eabi/lib/thumb/v7e-m+fp/hard\libc_nano.a(lib_a-mprec.o)
                0x000000000800f9c8                __s2b
 .text.__hi0bits
                0x000000000800fa5c       0x40 d:/stm32cubeide_1.9.0/stm32cubeide/plugins/com.st.stm32cube.ide.mcu.externaltools.gnu-tools-for-stm32.10.3-2021.10.win32_1.0.0.202111181127/tools/bin/../lib/gcc/arm-none-eabi/10.3.1/../../../../arm-none-eabi/lib/thumb/v7e-m+fp/hard\libc_nano.a(lib_a-mprec.o)
                0x000000000800fa5c                __hi0bits
 .text.__lo0bits
                0x000000000800fa9c       0x5e d:/stm32cubeide_1.9.0/stm32cubeide/plugins/com.st.stm32cube.ide.mcu.externaltools.gnu-tools-for-stm32.10.3-2021.10.win32_1.0.0.202111181127/tools/bin/../lib/gcc/arm-none-eabi/10.3.1/../../../../arm-none-eabi/lib/thumb/v7e-m+fp/hard\libc_nano.a(lib_a-mprec.o)
                0x000000000800fa9c                __lo0bits
 *fill*         0x000000000800fafa        0x2 
 .text.__i2b    0x000000000800fafc       0x2c d:/stm32cubeide_1.9.0/stm32cubeide/plugins/com.st.stm32cube.ide.mcu.externaltools.gnu-tools-for-stm32.10.3-2021.10.win32_1.0.0.202111181127/tools/bin/../lib/gcc/arm-none-eabi/10.3.1/../../../../arm-none-eabi/lib/thumb/v7e-m+fp/hard\libc_nano.a(lib_a-mprec.o)
                0x000000000800fafc                __i2b
 .text.__multiply
                0x000000000800fb28      0x154 d:/stm32cubeide_1.9.0/stm32cubeide/plugins/com.st.stm32cube.ide.mcu.externaltools.gnu-tools-for-stm32.10.3-2021.10.win32_1.0.0.202111181127/tools/bin/../lib/gcc/arm-none-eabi/10.3.1/../../../../arm-none-eabi/lib/thumb/v7e-m+fp/hard\libc_nano.a(lib_a-mprec.o)
                0x000000000800fb28                __multiply
 .text.__pow5mult
                0x000000000800fc7c       0xb4 d:/stm32cubeide_1.9.0/stm32cubeide/plugins/com.st.stm32cube.ide.mcu.externaltools.gnu-tools-for-stm32.10.3-2021.10.win32_1.0.0.202111181127/tools/bin/../lib/gcc/arm-none-eabi/10.3.1/../../../../arm-none-eabi/lib/thumb/v7e-m+fp/hard\libc_nano.a(lib_a-mprec.o)
                0x000000000800fc7c                __pow5mult
 .text.__lshift
                0x000000000800fd30       0xe0 d:/stm32cubeide_1.9.0/stm32cubeide/plugins/com.st.stm32cube.ide.mcu.externaltools.gnu-tools-for-stm32.10.3-2021.10.win32_1.0.0.202111181127/tools/bin/../lib/gcc/arm-none-eabi/10.3.1/../../../../arm-none-eabi/lib/thumb/v7e-m+fp/hard\libc_nano.a(lib_a-mprec.o)
                0x000000000800fd30                __lshift
 .text.__mcmp   0x000000000800fe10       0x38 d:/stm32cubeide_1.9.0/stm32cubeide/plugins/com.st.stm32cube.ide.mcu.externaltools.gnu-tools-for-stm32.10.3-2021.10.win32_1.0.0.202111181127/tools/bin/../lib/gcc/arm-none-eabi/10.3.1/../../../../arm-none-eabi/lib/thumb/v7e-m+fp/hard\libc_nano.a(lib_a-mprec.o)
                0x000000000800fe10                __mcmp
 .text.__mdiff  0x000000000800fe48      0x114 d:/stm32cubeide_1.9.0/stm32cubeide/plugins/com.st.stm32cube.ide.mcu.externaltools.gnu-tools-for-stm32.10.3-2021.10.win32_1.0.0.202111181127/tools/bin/../lib/gcc/arm-none-eabi/10.3.1/../../../../arm-none-eabi/lib/thumb/v7e-m+fp/hard\libc_nano.a(lib_a-mprec.o)
                0x000000000800fe48                __mdiff
 .text.__ulp    0x000000000800ff5c       0x58 d:/stm32cubeide_1.9.0/stm32cubeide/plugins/com.st.stm32cube.ide.mcu.externaltools.gnu-tools-for-stm32.10.3-2021.10.win32_1.0.0.202111181127/tools/bin/../lib/gcc/arm-none-eabi/10.3.1/../../../../arm-none-eabi/lib/thumb/v7e-m+fp/hard\libc_nano.a(lib_a-mprec.o)
                0x000000000800ff5c                __ulp
 .text.__b2d    0x000000000800ffb4       0xa0 d:/stm32cubeide_1.9.0/stm32cubeide/plugins/com.st.stm32cube.ide.mcu.externaltools.gnu-tools-for-stm32.10.3-2021.10.win32_1.0.0.202111181127/tools/bin/../lib/gcc/arm-none-eabi/10.3.1/../../../../arm-none-eabi/lib/thumb/v7e-m+fp/hard\libc_nano.a(lib_a-mprec.o)
                0x000000000800ffb4                __b2d
 .text.__d2b    0x0000000008010054       0xb8 d:/stm32cubeide_1.9.0/stm32cubeide/plugins/com.st.stm32cube.ide.mcu.externaltools.gnu-tools-for-stm32.10.3-2021.10.win32_1.0.0.202111181127/tools/bin/../lib/gcc/arm-none-eabi/10.3.1/../../../../arm-none-eabi/lib/thumb/v7e-m+fp/hard\libc_nano.a(lib_a-mprec.o)
                0x0000000008010054                __d2b
 .text.__ratio  0x000000000801010c       0x66 d:/stm32cubeide_1.9.0/stm32cubeide/plugins/com.st.stm32cube.ide.mcu.externaltools.gnu-tools-for-stm32.10.3-2021.10.win32_1.0.0.202111181127/tools/bin/../lib/gcc/arm-none-eabi/10.3.1/../../../../arm-none-eabi/lib/thumb/v7e-m+fp/hard\libc_nano.a(lib_a-mprec.o)
                0x000000000801010c                __ratio
 .text.__copybits
                0x0000000008010172       0x46 d:/stm32cubeide_1.9.0/stm32cubeide/plugins/com.st.stm32cube.ide.mcu.externaltools.gnu-tools-for-stm32.10.3-2021.10.win32_1.0.0.202111181127/tools/bin/../lib/gcc/arm-none-eabi/10.3.1/../../../../arm-none-eabi/lib/thumb/v7e-m+fp/hard\libc_nano.a(lib_a-mprec.o)
                0x0000000008010172                __copybits
 .text.__any_on
                0x00000000080101b8       0x42 d:/stm32cubeide_1.9.0/stm32cubeide/plugins/com.st.stm32cube.ide.mcu.externaltools.gnu-tools-for-stm32.10.3-2021.10.win32_1.0.0.202111181127/tools/bin/../lib/gcc/arm-none-eabi/10.3.1/../../../../arm-none-eabi/lib/thumb/v7e-m+fp/hard\libc_nano.a(lib_a-mprec.o)
                0x00000000080101b8                __any_on
 .text._calloc_r
                0x00000000080101fa       0x2c d:/stm32cubeide_1.9.0/stm32cubeide/plugins/com.st.stm32cube.ide.mcu.externaltools.gnu-tools-for-stm32.10.3-2021.10.win32_1.0.0.202111181127/tools/bin/../lib/gcc/arm-none-eabi/10.3.1/../../../../arm-none-eabi/lib/thumb/v7e-m+fp/hard\libc_nano.a(lib_a-nano-callocr.o)
                0x00000000080101fa                _calloc_r
 *fill*         0x0000000008010226        0x2 
 .text._free_r  0x0000000008010228       0x98 d:/stm32cubeide_1.9.0/stm32cubeide/plugins/com.st.stm32cube.ide.mcu.externaltools.gnu-tools-for-stm32.10.3-2021.10.win32_1.0.0.202111181127/tools/bin/../lib/gcc/arm-none-eabi/10.3.1/../../../../arm-none-eabi/lib/thumb/v7e-m+fp/hard\libc_nano.a(lib_a-nano-freer.o)
                0x0000000008010228                _free_r
 .text.sbrk_aligned
                0x00000000080102c0       0x40 d:/stm32cubeide_1.9.0/stm32cubeide/plugins/com.st.stm32cube.ide.mcu.externaltools.gnu-tools-for-stm32.10.3-2021.10.win32_1.0.0.202111181127/tools/bin/../lib/gcc/arm-none-eabi/10.3.1/../../../../arm-none-eabi/lib/thumb/v7e-m+fp/hard\libc_nano.a(lib_a-nano-mallocr.o)
 .text._malloc_r
                0x0000000008010300       0xe8 d:/stm32cubeide_1.9.0/stm32cubeide/plugins/com.st.stm32cube.ide.mcu.externaltools.gnu-tools-for-stm32.10.3-2021.10.win32_1.0.0.202111181127/tools/bin/../lib/gcc/arm-none-eabi/10.3.1/../../../../arm-none-eabi/lib/thumb/v7e-m+fp/hard\libc_nano.a(lib_a-nano-mallocr.o)