../Core/Src/main.c:148:6:HAL_GPIO_EXTI_Callback	16	static
../Core/Src/main.c:169:5:main	8	static
../Core/Src/main.c:284:6:SystemClock_Config	96	static
../Core/Src/main.c:334:13:MX_DMA_Init	16	static
../Core/Src/main.c:352:13:MX_GPIO_Init	48	static
../Core/Src/main.c:404:6:StartGPS_Get_Data	24	static
../Core/Src/main.c:439:6:StartMem_Access_Data	24	static
../Core/Src/main.c:487:6:StartBLE_Send_Data	24	static
../Core/Src/main.c:540:6:StartBike_state	16	static
../Core/Src/main.c:576:6:HAL_TIM_PeriodElapsedCallback	16	static
../Core/Src/main.c:593:6:Error_Handler	4	static,ignoring_inline_asm
