../Core/Src/main.c:137:6:HAL_GPIO_EXTI_Callback	16	static
../Core/Src/main.c:158:5:main	8	static
../Core/Src/main.c:270:6:SystemClock_Config	96	static
../Core/Src/main.c:322:13:MX_GPIO_Init	48	static
../Core/Src/main.c:356:6:StartGPS_Get_Data	24	static
../Core/Src/main.c:390:6:StartMem_Store_Data	24	static
../Core/Src/main.c:418:6:StartBLE_Send_Data	24	static
../Core/Src/main.c:446:6:StartBike_state	16	static
../Core/Src/main.c:481:6:HAL_TIM_PeriodElapsedCallback	16	static
../Core/Src/main.c:498:6:Error_Handler	4	static,ignoring_inline_asm
