../BSP/Flash Memory/Memory.c:76:6:Memory_Init	24	static,ignoring_inline_asm
../BSP/Flash Memory/Memory.c:111:6:BSP_QSPI_DeInit	8	static
../BSP/Flash Memory/Memory.c:130:6:BSP_QSPI_Read	80	static
../BSP/Flash Memory/Memory.c:166:6:BSP_QSPI_Write	96	static
../BSP/Flash Memory/Memory.c:227:6:Store_Data	16	static
../BSP/Flash Memory/Memory.c:250:6:get_history	56	static
../BSP/Flash Memory/Memory.c:325:6:BSP_QSPI_Erase_Block	72	static
../BSP/Flash Memory/Memory.c:363:6:BSP_QSPI_Erase_Sector	72	static
../BSP/Flash Memory/Memory.c:392:6:BSP_QSPI_Erase_Chip	64	static
../BSP/Flash Memory/Memory.c:424:13:QSPI_MspInit	40	static
../BSP/Flash Memory/Memory.c:456:13:QSPI_MspDeInit	32	static
../BSP/Flash Memory/Memory.c:491:16:QSPI_ResetMemory	72	static
../BSP/Flash Memory/Memory.c:533:16:QSPI_DummyCyclesCfg	88	static,ignoring_inline_asm
../BSP/Flash Memory/Memory.c:592:16:QSPI_WriteEnable	96	static
../BSP/Flash Memory/Memory.c:638:16:QSPI_AutoPollingMemReady	96	static
../BSP/Flash Memory/Memory.c:669:13:USART2_UART_Init	8	static
../BSP/Flash Memory/Memory.c:689:19:Hexadecimal	32	static
../BSP/Flash Memory/Memory.c:702:13:Est_Vide	56	dynamic
../BSP/Flash Memory/Memory.c:723:14:Mem_pleine	24	static
../BSP/Flash Memory/Memory.c:741:13:inversion_hex	32	static
../BSP/Flash Memory/Memory.c:758:13:Write_Data	32	static
../BSP/Flash Memory/Memory.c:793:13:Erase_Subsector	48	static
../BSP/Flash Memory/Memory.c:821:18:hexa_of_epoch	32	static
../BSP/Flash Memory/Memory.c:830:13:start_of_history	32	static
../BSP/Flash Memory/Memory.c:858:6:HAL_UART_TxCpltCallback	16	static
