../BSP/Flash Memory/Memory.c:68:6:Memory_Init	24	static,ignoring_inline_asm
../BSP/Flash Memory/Memory.c:103:6:BSP_QSPI_DeInit	8	static
../BSP/Flash Memory/Memory.c:122:6:BSP_QSPI_Read	80	static
../BSP/Flash Memory/Memory.c:156:6:BSP_QSPI_Write	96	static
../BSP/Flash Memory/Memory.c:217:6:Store_Data	16	static
../BSP/Flash Memory/Memory.c:240:6:get_history	56	static
../BSP/Flash Memory/Memory.c:315:6:BSP_QSPI_Erase_Block	72	static
../BSP/Flash Memory/Memory.c:353:6:BSP_QSPI_Erase_Sector	72	static
../BSP/Flash Memory/Memory.c:382:6:BSP_QSPI_Erase_Chip	64	static
../BSP/Flash Memory/Memory.c:414:13:QSPI_MspInit	40	static
../BSP/Flash Memory/Memory.c:446:13:QSPI_MspDeInit	32	static
../BSP/Flash Memory/Memory.c:481:16:QSPI_ResetMemory	72	static
../BSP/Flash Memory/Memory.c:523:16:QSPI_DummyCyclesCfg	88	static,ignoring_inline_asm
../BSP/Flash Memory/Memory.c:582:16:QSPI_WriteEnable	96	static
../BSP/Flash Memory/Memory.c:628:16:QSPI_AutoPollingMemReady	96	static
../BSP/Flash Memory/Memory.c:659:13:USART2_UART_Init	8	static
../BSP/Flash Memory/Memory.c:679:19:Hexadecimal	32	static
../BSP/Flash Memory/Memory.c:692:13:Est_Vide	56	dynamic
../BSP/Flash Memory/Memory.c:713:14:Mem_pleine	24	static
../BSP/Flash Memory/Memory.c:731:13:inversion_hex	32	static
../BSP/Flash Memory/Memory.c:748:13:Write_Data	32	static
../BSP/Flash Memory/Memory.c:783:13:Erase_Subsector	48	static
../BSP/Flash Memory/Memory.c:811:18:hexa_of_epoch	32	static
../BSP/Flash Memory/Memory.c:820:13:start_of_history	32	static
../BSP/Flash Memory/Memory.c:848:6:HAL_UART_TxCpltCallback	16	static
