../BSP/Flash Memory/Memory.c:76:6:Memory_Init	24	static,ignoring_inline_asm
../BSP/Flash Memory/Memory.c:111:6:BSP_QSPI_DeInit	8	static
../BSP/Flash Memory/Memory.c:130:6:BSP_QSPI_Read	80	static
../BSP/Flash Memory/Memory.c:166:6:BSP_QSPI_Write	96	static
../BSP/Flash Memory/Memory.c:227:6:Store_Data	16	static
../BSP/Flash Memory/Memory.c:250:6:get_history	56	static
../BSP/Flash Memory/Memory.c:352:6:BSP_QSPI_Erase_Block	72	static
../BSP/Flash Memory/Memory.c:390:6:BSP_QSPI_Erase_Sector	72	static
../BSP/Flash Memory/Memory.c:419:6:BSP_QSPI_Erase_Chip	64	static
../BSP/Flash Memory/Memory.c:451:13:QSPI_MspInit	40	static
../BSP/Flash Memory/Memory.c:483:13:QSPI_MspDeInit	32	static
../BSP/Flash Memory/Memory.c:518:16:QSPI_ResetMemory	72	static
../BSP/Flash Memory/Memory.c:560:16:QSPI_DummyCyclesCfg	88	static,ignoring_inline_asm
../BSP/Flash Memory/Memory.c:619:16:QSPI_WriteEnable	96	static
../BSP/Flash Memory/Memory.c:665:16:QSPI_AutoPollingMemReady	96	static
../BSP/Flash Memory/Memory.c:696:13:USART2_UART_Init	8	static
../BSP/Flash Memory/Memory.c:716:12:Hexadecimal	32	static
../BSP/Flash Memory/Memory.c:729:13:Est_Vide	56	dynamic
../BSP/Flash Memory/Memory.c:750:14:Mem_pleine	24	static
../BSP/Flash Memory/Memory.c:768:13:inversion_hex	32	static
../BSP/Flash Memory/Memory.c:785:13:Write_Data	32	static
../BSP/Flash Memory/Memory.c:820:13:Erase_Subsector	48	static
../BSP/Flash Memory/Memory.c:848:11:hexa_of_epoch	32	static
../BSP/Flash Memory/Memory.c:857:6:start_of_history	32	static
../BSP/Flash Memory/Memory.c:885:6:HAL_UART_TxCpltCallback	16	static
