../BSP/Flash Memory/Memory.c:49:6:Memory_Init	24	static,ignoring_inline_asm
../BSP/Flash Memory/Memory.c:82:6:BSP_QSPI_DeInit	8	static
../BSP/Flash Memory/Memory.c:101:6:BSP_QSPI_Read	80	static
../BSP/Flash Memory/Memory.c:137:6:BSP_QSPI_Write	96	static
../BSP/Flash Memory/Memory.c:198:6:Store_Data	16	static
../BSP/Flash Memory/Memory.c:226:6:BSP_QSPI_Erase_Block	72	static
../BSP/Flash Memory/Memory.c:264:6:BSP_QSPI_Erase_Sector	72	static
../BSP/Flash Memory/Memory.c:293:6:BSP_QSPI_Erase_Chip	64	static
../BSP/Flash Memory/Memory.c:325:13:QSPI_MspInit	40	static
../BSP/Flash Memory/Memory.c:357:13:QSPI_MspDeInit	32	static
../BSP/Flash Memory/Memory.c:392:16:QSPI_ResetMemory	72	static
../BSP/Flash Memory/Memory.c:434:16:QSPI_DummyCyclesCfg	88	static,ignoring_inline_asm
../BSP/Flash Memory/Memory.c:493:16:QSPI_WriteEnable	96	static
../BSP/Flash Memory/Memory.c:539:16:QSPI_AutoPollingMemReady	96	static
../BSP/Flash Memory/Memory.c:573:18:Hexadecimal	32	static
../BSP/Flash Memory/Memory.c:586:13:Est_Vide	56	dynamic
../BSP/Flash Memory/Memory.c:607:14:Mem_pleine	24	static
../BSP/Flash Memory/Memory.c:625:13:inversion_hex	32	static
../BSP/Flash Memory/Memory.c:642:13:Write_Data	32	static
../BSP/Flash Memory/Memory.c:677:13:Erase_Subsector	48	static
../BSP/Flash Memory/Memory.c:707:6:HAL_UART_TxCpltCallback	16	static
