../BSP/Flash Memory/Memory.c:47:6:Memory_Init	24	static,ignoring_inline_asm
../BSP/Flash Memory/Memory.c:80:6:BSP_QSPI_DeInit	8	static
../BSP/Flash Memory/Memory.c:99:6:BSP_QSPI_Read	80	static
../BSP/Flash Memory/Memory.c:135:6:BSP_QSPI_Write	96	static
../BSP/Flash Memory/Memory.c:196:6:Store_Data	16	static
../BSP/Flash Memory/Memory.c:224:6:BSP_QSPI_Erase_Block	72	static
../BSP/Flash Memory/Memory.c:262:6:BSP_QSPI_Erase_Sector	72	static
../BSP/Flash Memory/Memory.c:291:6:BSP_QSPI_Erase_Chip	64	static
../BSP/Flash Memory/Memory.c:323:13:QSPI_MspInit	40	static
../BSP/Flash Memory/Memory.c:355:13:QSPI_MspDeInit	32	static
../BSP/Flash Memory/Memory.c:390:16:QSPI_ResetMemory	72	static
../BSP/Flash Memory/Memory.c:432:16:QSPI_DummyCyclesCfg	88	static,ignoring_inline_asm
../BSP/Flash Memory/Memory.c:491:16:QSPI_WriteEnable	96	static
../BSP/Flash Memory/Memory.c:537:16:QSPI_AutoPollingMemReady	96	static
../BSP/Flash Memory/Memory.c:571:18:Hexadecimal	32	static
../BSP/Flash Memory/Memory.c:584:13:Est_Vide	56	dynamic
../BSP/Flash Memory/Memory.c:605:14:Mem_pleine	24	static
../BSP/Flash Memory/Memory.c:623:13:inversion_hex	32	static
../BSP/Flash Memory/Memory.c:640:13:Write_Data	32	static
../BSP/Flash Memory/Memory.c:675:13:Erase_Subsector	48	static
../BSP/Flash Memory/Memory.c:705:6:HAL_UART_TxCpltCallback	16	static
